Archive member included to satisfy reference by file (symbol)

E:/software/stm3214/STM32CubeIDE_1.14.1/STM32CubeIDE/plugins/com.st.stm32cube.ide.mcu.externaltools.gnu-tools-for-stm32.11.3.rel1.win32_1.1.100.202309141235/tools/bin/../lib/gcc/arm-none-eabi/11.3.1/../../../../arm-none-eabi/lib/thumb/v7e-m+fp/hard\libc_nano.a(libc_a-exit.o)
                              E:/software/stm3214/STM32CubeIDE_1.14.1/STM32CubeIDE/plugins/com.st.stm32cube.ide.mcu.externaltools.gnu-tools-for-stm32.11.3.rel1.win32_1.1.100.202309141235/tools/bin/../lib/gcc/arm-none-eabi/11.3.1/../../../../arm-none-eabi/lib/thumb/v7e-m+fp/hard/crt0.o (exit)
E:/software/stm3214/STM32CubeIDE_1.14.1/STM32CubeIDE/plugins/com.st.stm32cube.ide.mcu.externaltools.gnu-tools-for-stm32.11.3.rel1.win32_1.1.100.202309141235/tools/bin/../lib/gcc/arm-none-eabi/11.3.1/../../../../arm-none-eabi/lib/thumb/v7e-m+fp/hard\libc_nano.a(libc_a-findfp.o)
                              E:/software/stm3214/STM32CubeIDE_1.14.1/STM32CubeIDE/plugins/com.st.stm32cube.ide.mcu.externaltools.gnu-tools-for-stm32.11.3.rel1.win32_1.1.100.202309141235/tools/bin/../lib/gcc/arm-none-eabi/11.3.1/../../../../arm-none-eabi/lib/thumb/v7e-m+fp/hard\libc_nano.a(libc_a-exit.o) (__stdio_exit_handler)
E:/software/stm3214/STM32CubeIDE_1.14.1/STM32CubeIDE/plugins/com.st.stm32cube.ide.mcu.externaltools.gnu-tools-for-stm32.11.3.rel1.win32_1.1.100.202309141235/tools/bin/../lib/gcc/arm-none-eabi/11.3.1/../../../../arm-none-eabi/lib/thumb/v7e-m+fp/hard\libc_nano.a(libc_a-fwalk.o)
                              E:/software/stm3214/STM32CubeIDE_1.14.1/STM32CubeIDE/plugins/com.st.stm32cube.ide.mcu.externaltools.gnu-tools-for-stm32.11.3.rel1.win32_1.1.100.202309141235/tools/bin/../lib/gcc/arm-none-eabi/11.3.1/../../../../arm-none-eabi/lib/thumb/v7e-m+fp/hard\libc_nano.a(libc_a-findfp.o) (_fwalk_sglue)
E:/software/stm3214/STM32CubeIDE_1.14.1/STM32CubeIDE/plugins/com.st.stm32cube.ide.mcu.externaltools.gnu-tools-for-stm32.11.3.rel1.win32_1.1.100.202309141235/tools/bin/../lib/gcc/arm-none-eabi/11.3.1/../../../../arm-none-eabi/lib/thumb/v7e-m+fp/hard\libc_nano.a(libc_a-sprintf.o)
                              ./Core/Src/uart.o (sprintf)
E:/software/stm3214/STM32CubeIDE_1.14.1/STM32CubeIDE/plugins/com.st.stm32cube.ide.mcu.externaltools.gnu-tools-for-stm32.11.3.rel1.win32_1.1.100.202309141235/tools/bin/../lib/gcc/arm-none-eabi/11.3.1/../../../../arm-none-eabi/lib/thumb/v7e-m+fp/hard\libc_nano.a(libc_a-stdio.o)
                              E:/software/stm3214/STM32CubeIDE_1.14.1/STM32CubeIDE/plugins/com.st.stm32cube.ide.mcu.externaltools.gnu-tools-for-stm32.11.3.rel1.win32_1.1.100.202309141235/tools/bin/../lib/gcc/arm-none-eabi/11.3.1/../../../../arm-none-eabi/lib/thumb/v7e-m+fp/hard\libc_nano.a(libc_a-findfp.o) (__sread)
E:/software/stm3214/STM32CubeIDE_1.14.1/STM32CubeIDE/plugins/com.st.stm32cube.ide.mcu.externaltools.gnu-tools-for-stm32.11.3.rel1.win32_1.1.100.202309141235/tools/bin/../lib/gcc/arm-none-eabi/11.3.1/../../../../arm-none-eabi/lib/thumb/v7e-m+fp/hard\libc_nano.a(libc_a-memset.o)
                              E:/software/stm3214/STM32CubeIDE_1.14.1/STM32CubeIDE/plugins/com.st.stm32cube.ide.mcu.externaltools.gnu-tools-for-stm32.11.3.rel1.win32_1.1.100.202309141235/tools/bin/../lib/gcc/arm-none-eabi/11.3.1/../../../../arm-none-eabi/lib/thumb/v7e-m+fp/hard/crt0.o (memset)
E:/software/stm3214/STM32CubeIDE_1.14.1/STM32CubeIDE/plugins/com.st.stm32cube.ide.mcu.externaltools.gnu-tools-for-stm32.11.3.rel1.win32_1.1.100.202309141235/tools/bin/../lib/gcc/arm-none-eabi/11.3.1/../../../../arm-none-eabi/lib/thumb/v7e-m+fp/hard\libc_nano.a(libc_a-closer.o)
                              E:/software/stm3214/STM32CubeIDE_1.14.1/STM32CubeIDE/plugins/com.st.stm32cube.ide.mcu.externaltools.gnu-tools-for-stm32.11.3.rel1.win32_1.1.100.202309141235/tools/bin/../lib/gcc/arm-none-eabi/11.3.1/../../../../arm-none-eabi/lib/thumb/v7e-m+fp/hard\libc_nano.a(libc_a-stdio.o) (_close_r)
E:/software/stm3214/STM32CubeIDE_1.14.1/STM32CubeIDE/plugins/com.st.stm32cube.ide.mcu.externaltools.gnu-tools-for-stm32.11.3.rel1.win32_1.1.100.202309141235/tools/bin/../lib/gcc/arm-none-eabi/11.3.1/../../../../arm-none-eabi/lib/thumb/v7e-m+fp/hard\libc_nano.a(libc_a-reent.o)
                              E:/software/stm3214/STM32CubeIDE_1.14.1/STM32CubeIDE/plugins/com.st.stm32cube.ide.mcu.externaltools.gnu-tools-for-stm32.11.3.rel1.win32_1.1.100.202309141235/tools/bin/../lib/gcc/arm-none-eabi/11.3.1/../../../../arm-none-eabi/lib/thumb/v7e-m+fp/hard\libc_nano.a(libc_a-closer.o) (errno)
E:/software/stm3214/STM32CubeIDE_1.14.1/STM32CubeIDE/plugins/com.st.stm32cube.ide.mcu.externaltools.gnu-tools-for-stm32.11.3.rel1.win32_1.1.100.202309141235/tools/bin/../lib/gcc/arm-none-eabi/11.3.1/../../../../arm-none-eabi/lib/thumb/v7e-m+fp/hard\libc_nano.a(libc_a-impure.o)
[...]
Memory Configuration

Name             Origin             Length             Attributes
CCMRAM           0x0000000010000000 0x0000000000010000 xrw
RAM              0x0000000020000000 0x0000000000020000 xrw
FLASH            0x0000000008000000 0x0000000000100000 xr
*default*        0x0000000000000000 0xffffffffffffffff

Linker script and memory map

LOAD E:/software/stm3214/STM32CubeIDE_1.14.1/STM32CubeIDE/plugins/com.st.stm32cube.ide.mcu.externaltools.gnu-tools-for-stm32.11.3.rel1.win32_1.1.100.202309141235/tools/bin/../lib/gcc/arm-none-eabi/11.3.1/thumb/v7e-m+fp/hard/crti.o
LOAD E:/software/stm3214/STM32CubeIDE_1.14.1/STM32CubeIDE/plugins/com.st.stm32cube.ide.mcu.externaltools.gnu-tools-for-stm32.11.3.rel1.win32_1.1.100.202309141235/tools/bin/../lib/gcc/arm-none-eabi/11.3.1/thumb/v7e-m+fp/hard/crtbegin.o
LOAD E:/software/stm3214/STM32CubeIDE_1.14.1/STM32CubeIDE/plugins/com.st.stm32cube.ide.mcu.externaltools.gnu-tools-for-stm32.11.3.rel1.win32_1.1.100.202309141235/tools/bin/../lib/gcc/arm-none-eabi/11.3.1/../../../../arm-none-eabi/lib/thumb/v7e-m+fp/hard/crt0.o
LOAD ./Core/Src/adc.o
LOAD ./Core/Src/at24c.o
LOAD ./Core/Src/button.o
LOAD ./Core/Src/buzzer.o
LOAD ./Core/Src/dma.o
LOAD ./Core/Src/ds3231.o
LOAD ./Core/Src/fsmc.o
LOAD ./Core/Src/gpio.o
LOAD ./Core/Src/i2c.o
LOAD ./Core/Src/lcd.o
LOAD ./Core/Src/led_7seg.o
LOAD ./Core/Src/light_control.o
LOAD ./Core/Src/main.o
LOAD ./Core/Src/picture.o
LOAD ./Core/Src/send_data_esp.o
LOAD ./Core/Src/sensor.o
LOAD ./Core/Src/software_timer.o
LOAD ./Core/Src/spi.o
LOAD ./Core/Src/stm32f4xx_hal_msp.o
LOAD ./Core/Src/stm32f4xx_it.o
LOAD ./Core/Src/syscalls.o
LOAD ./Core/Src/sysmem.o
LOAD ./Core/Src/system_stm32f4xx.o
LOAD ./Core/Src/tim.o
LOAD ./Core/Src/touch.o
LOAD ./Core/Src/uart.o
LOAD ./Core/Src/usart.o
LOAD ./Core/Src/utils.o
LOAD ./Core/Startup/startup_stm32f407zetx.o
LOAD ./Drivers/STM32F4xx_HAL_Driver/Src/stm32f4xx_hal.o
LOAD ./Drivers/STM32F4xx_HAL_Driver/Src/stm32f4xx_hal_adc.o
LOAD ./Drivers/STM32F4xx_HAL_Driver/Src/stm32f4xx_hal_adc_ex.o
LOAD ./Drivers/STM32F4xx_HAL_Driver/Src/stm32f4xx_hal_cortex.o
LOAD ./Drivers/STM32F4xx_HAL_Driver/Src/stm32f4xx_hal_dma.o
LOAD ./Drivers/STM32F4xx_HAL_Driver/Src/stm32f4xx_hal_dma_ex.o
LOAD ./Drivers/STM32F4xx_HAL_Driver/Src/stm32f4xx_hal_exti.o
LOAD ./Drivers/STM32F4xx_HAL_Driver/Src/stm32f4xx_hal_flash.o
LOAD ./Drivers/STM32F4xx_HAL_Driver/Src/stm32f4xx_hal_flash_ex.o
LOAD ./Drivers/STM32F4xx_HAL_Driver/Src/stm32f4xx_hal_flash_ramfunc.o
LOAD ./Drivers/STM32F4xx_HAL_Driver/Src/stm32f4xx_hal_gpio.o
LOAD ./Drivers/STM32F4xx_HAL_Driver/Src/stm32f4xx_hal_i2c.o
LOAD ./Drivers/STM32F4xx_HAL_Driver/Src/stm32f4xx_hal_i2c_ex.o
LOAD ./Drivers/STM32F4xx_HAL_Driver/Src/stm32f4xx_hal_pwr.o
LOAD ./Drivers/STM32F4xx_HAL_Driver/Src/stm32f4xx_hal_pwr_ex.o
LOAD ./Drivers/STM32F4xx_HAL_Driver/Src/stm32f4xx_hal_rcc.o
LOAD ./Drivers/STM32F4xx_HAL_Driver/Src/stm32f4xx_hal_rcc_ex.o
LOAD ./Drivers/STM32F4xx_HAL_Driver/Src/stm32f4xx_hal_spi.o
LOAD ./Drivers/STM32F4xx_HAL_Driver/Src/stm32f4xx_hal_sram.o
LOAD ./Drivers/STM32F4xx_HAL_Driver/Src/stm32f4xx_hal_tim.o
LOAD ./Drivers/STM32F4xx_HAL_Driver/Src/stm32f4xx_hal_tim_ex.o
LOAD ./Drivers/STM32F4xx_HAL_Driver/Src/stm32f4xx_hal_uart.o
LOAD ./Drivers/STM32F4xx_HAL_Driver/Src/stm32f4xx_ll_adc.o
LOAD ./Drivers/STM32F4xx_HAL_Driver/Src/stm32f4xx_ll_fsmc.o
START GROUP
LOAD E:/software/stm3214/STM32CubeIDE_1.14.1/STM32CubeIDE/plugins/com.st.stm32cube.ide.mcu.externaltools.gnu-tools-for-stm32.11.3.rel1.win32_1.1.100.202309141235/tools/bin/../lib/gcc/arm-none-eabi/11.3.1/../../../../arm-none-eabi/lib/thumb/v7e-m+fp/hard\libc_nano.a
LOAD E:/software/stm3214/STM32CubeIDE_1.14.1/STM32CubeIDE/plugins/com.st.stm32cube.ide.mcu.externaltools.gnu-tools-for-stm32.11.3.rel1.win32_1.1.100.202309141235/tools/bin/../lib/gcc/arm-none-eabi/11.3.1/../../../../arm-none-eabi/lib/thumb/v7e-m+fp/hard\libm.a
END GROUP
START GROUP
LOAD E:/software/stm3214/STM32CubeIDE_1.14.1/STM32CubeIDE/plugins/com.st.stm32cube.ide.mcu.externaltools.gnu-tools-for-stm32.11.3.rel1.win32_1.1.100.202309141235/tools/bin/../lib/gcc/arm-none-eabi/11.3.1/thumb/v7e-m+fp/hard\libgcc.a
LOAD E:/software/stm3214/STM32CubeIDE_1.14.1/STM32CubeIDE/plugins/com.st.stm32cube.ide.mcu.externaltools.gnu-tools-for-stm32.11.3.rel1.win32_1.1.100.202309141235/tools/bin/../lib/gcc/arm-none-eabi/11.3.1/../../../../arm-none-eabi/lib/thumb/v7e-m+fp/hard\libc_nano.a
END GROUP
START GROUP
LOAD E:/software/stm3214/STM32CubeIDE_1.14.1/STM32CubeIDE/plugins/com.st.stm32cube.ide.mcu.externaltools.gnu-tools-for-stm32.11.3.rel1.win32_1.1.100.202309141235/tools/bin/../lib/gcc/arm-none-eabi/11.3.1/thumb/v7e-m+fp/hard\libgcc.a
LOAD E:/software/stm3214/STM32CubeIDE_1.14.1/STM32CubeIDE/plugins/com.st.stm32cube.ide.mcu.externaltools.gnu-tools-for-stm32.11.3.rel1.win32_1.1.100.202309141235/tools/bin/../lib/gcc/arm-none-eabi/11.3.1/../../../../arm-none-eabi/lib/thumb/v7e-m+fp/hard\libc_nano.a
LOAD E:/software/stm3214/STM32CubeIDE_1.14.1/STM32CubeIDE/plugins/com.st.stm32cube.ide.mcu.externaltools.gnu-tools-for-stm32.11.3.rel1.win32_1.1.100.202309141235/tools/bin/../lib/gcc/arm-none-eabi/11.3.1/../../../../arm-none-eabi/lib/thumb/v7e-m+fp/hard\libnosys.a
END GROUP
START GROUP
LOAD E:/software/stm3214/STM32CubeIDE_1.14.1/STM32CubeIDE/plugins/com.st.stm32cube.ide.mcu.externaltools.gnu-tools-for-stm32.11.3.rel1.win32_1.1.100.202309141235/tools/bin/../lib/gcc/arm-none-eabi/11.3.1/thumb/v7e-m+fp/hard\libgcc.a
LOAD E:/software/stm3214/STM32CubeIDE_1.14.1/STM32CubeIDE/plugins/com.st.stm32cube.ide.mcu.externaltools.gnu-tools-for-stm32.11.3.rel1.win32_1.1.100.202309141235/tools/bin/../lib/gcc/arm-none-eabi/11.3.1/../../../../arm-none-eabi/lib/thumb/v7e-m+fp/hard\libc_nano.a
LOAD E:/software/stm3214/STM32CubeIDE_1.14.1/STM32CubeIDE/plugins/com.st.stm32cube.ide.mcu.externaltools.gnu-tools-for-stm32.11.3.rel1.win32_1.1.100.202309141235/tools/bin/../lib/gcc/arm-none-eabi/11.3.1/../../../../arm-none-eabi/lib/thumb/v7e-m+fp/hard\libnosys.a
END GROUP
LOAD E:/software/stm3214/STM32CubeIDE_1.14.1/STM32CubeIDE/plugins/com.st.stm32cube.ide.mcu.externaltools.gnu-tools-for-stm32.11.3.rel1.win32_1.1.100.202309141235/tools/bin/../lib/gcc/arm-none-eabi/11.3.1/thumb/v7e-m+fp/hard/crtend.o
LOAD E:/software/stm3214/STM32CubeIDE_1.14.1/STM32CubeIDE/plugins/com.st.stm32cube.ide.mcu.externaltools.gnu-tools-for-stm32.11.3.rel1.win32_1.1.100.202309141235/tools/bin/../lib/gcc/arm-none-eabi/11.3.1/thumb/v7e-m+fp/hard/crtn.o
                0x0000000020020000                _estack = (ORIGIN (RAM) + LENGTH (RAM))
                0x0000000000000200                _Min_Heap_Size = 0x200
                0x0000000000000400                _Min_Stack_Size = 0x400

.isr_vector     0x0000000008000000      0x188
                0x0000000008000000                . = ALIGN (0x4)
 *(.isr_vector)
 .isr_vector    0x0000000008000000      0x188 ./Core/Startup/startup_stm32f407zetx.o
                0x0000000008000000                g_pfnVectors
                0x0000000008000188                . = ALIGN (0x4)

.text           0x0000000008000188     0x6ed8
                0x0000000008000188                . = ALIGN (0x4)
 *(.text)
 .text          0x0000000008000188       0x40 E:/software/stm3214/STM32CubeIDE_1.14.1/STM32CubeIDE/plugins/com.st.stm32cube.ide.mcu.externaltools.gnu-tools-for-stm32.11.3.rel1.win32_1.1.100.202309141235/tools/bin/../lib/gcc/arm-none-eabi/11.3.1/thumb/v7e-m+fp/hard/crtbegin.o
 .text          0x00000000080001c8       0x30 E:/software/stm3214/STM32CubeIDE_1.14.1/STM32CubeIDE/plugins/com.st.stm32cube.ide.mcu.externaltools.gnu-tools-for-stm32.11.3.rel1.win32_1.1.100.202309141235/tools/bin/../lib/gcc/arm-none-eabi/11.3.1/thumb/v7e-m+fp/hard\libgcc.a(_aeabi_uldivmod.o)
                0x00000000080001c8                __aeabi_uldivmod
 .text          0x00000000080001f8      0x2c8 E:/software/stm3214/STM32CubeIDE_1.14.1/STM32CubeIDE/plugins/com.st.stm32cube.ide.mcu.externaltools.gnu-tools-for-stm32.11.3.rel1.win32_1.1.100.202309141235/tools/bin/../lib/gcc/arm-none-eabi/11.3.1/thumb/v7e-m+fp/hard\libgcc.a(_udivmoddi4.o)
                0x00000000080001f8                __udivmoddi4
 .text          0x00000000080004c0        0x4 E:/software/stm3214/STM32CubeIDE_1.14.1/STM32CubeIDE/plugins/com.st.stm32cube.ide.mcu.externaltools.gnu-tools-for-stm32.11.3.rel1.win32_1.1.100.202309141235/tools/bin/../lib/gcc/arm-none-eabi/11.3.1/thumb/v7e-m+fp/hard\libgcc.a(_dvmd_tls.o)
                0x00000000080004c0                __aeabi_idiv0
                0x00000000080004c0                __aeabi_ldiv0
 *(.text*)
 .text.MX_ADC1_Init
                0x00000000080004c4      0x114 ./Core/Src/adc.o
                0x00000000080004c4                MX_ADC1_Init
 .text.HAL_ADC_MspInit
                0x00000000080005d8      0x128 ./Core/Src/adc.o
                0x00000000080005d8                HAL_ADC_MspInit
 .text.button_init
                0x0000000008000700       0x18 ./Core/Src/button.o
                0x0000000008000700                button_init
 .text.button_Scan
                0x0000000008000718       0xd8 ./Core/Src/button.o
                0x0000000008000718                button_Scan
 .text.MX_DMA_Init
                0x00000000080007f0       0x40 ./Core/Src/dma.o
                0x00000000080007f0                MX_DMA_Init
 .text.MX_FSMC_Init
                0x0000000008000830       0xf4 ./Core/Src/fsmc.o
                0x0000000008000830                MX_FSMC_Init
 .text.HAL_FSMC_MspInit
                0x0000000008000924       0x98 ./Core/Src/fsmc.o
 .text.HAL_SRAM_MspInit
                0x00000000080009bc       0x14 ./Core/Src/fsmc.o
                0x00000000080009bc                HAL_SRAM_MspInit
 .text.MX_GPIO_Init
                0x00000000080009d0      0x274 ./Core/Src/gpio.o
                0x00000000080009d0                MX_GPIO_Init
 .text.MX_I2C1_Init
                0x0000000008000c44       0x5c ./Core/Src/i2c.o
                0x0000000008000c44                MX_I2C1_Init
 .text.HAL_I2C_MspInit
                0x0000000008000ca0       0x90 ./Core/Src/i2c.o
                0x0000000008000ca0                HAL_I2C_MspInit
 .text.LCD_WR_REG
                0x0000000008000d30       0x20 ./Core/Src/lcd.o
                0x0000000008000d30                LCD_WR_REG
 .text.LCD_WR_DATA
                0x0000000008000d50       0x20 ./Core/Src/lcd.o
 .text.LCD_RD_DATA
                0x0000000008000d70       0x24 ./Core/Src/lcd.o
 .text.lcd_AddressSet
                0x0000000008000d94       0x98 ./Core/Src/lcd.o
                0x0000000008000d94                lcd_AddressSet
 .text.lcd_Clear
                0x0000000008000e2c       0x64 ./Core/Src/lcd.o
                0x0000000008000e2c                lcd_Clear
 .text.lcd_DrawPoint
                0x0000000008000e90       0x2e ./Core/Src/lcd.o
                0x0000000008000e90                lcd_DrawPoint
 *fill*         0x0000000008000ebe        0x2 
 .text.lcd_ShowChar
                0x0000000008000ec0      0x1a0 ./Core/Src/lcd.o
                0x0000000008000ec0                lcd_ShowChar
 .text.lcd_SetDir
                0x0000000008001060       0x48 ./Core/Src/lcd.o
                0x0000000008001060                lcd_SetDir
 .text.lcd_init
                0x00000000080010a8      0x2c0 ./Core/Src/lcd.o
                0x00000000080010a8                lcd_init
 .text.lcd_ShowStr
                0x0000000008001368       0xc8 ./Core/Src/lcd.o
                0x0000000008001368                lcd_ShowStr
 .text.led7_Scan
                0x0000000008001430      0x118 ./Core/Src/led_7seg.o
                0x0000000008001430                led7_Scan
 .text.lightProcess
                0x0000000008001548       0x6c ./Core/Src/light_control.o
                0x0000000008001548                lightProcess
 .text.test_Esp
                0x00000000080015b4       0x44 ./Core/Src/light_control.o
                0x00000000080015b4                test_Esp
 .text.main     0x00000000080015f8       0x6c ./Core/Src/main.o
                0x00000000080015f8                main
 .text.SystemClock_Config
                0x0000000008001664       0xd4 ./Core/Src/main.o
                0x0000000008001664                SystemClock_Config
 .text.system_init
                0x0000000008001738       0x22 ./Core/Src/main.o
                0x0000000008001738                system_init
 *fill*         0x000000000800175a        0x2 
 .text.test_LedDebug
                0x000000000800175c       0x48 ./Core/Src/main.o
                0x000000000800175c                test_LedDebug
 .text.Error_Handler
                0x00000000080017a4        0xa ./Core/Src/main.o
                0x00000000080017a4                Error_Handler
 *fill*         0x00000000080017ae        0x2 
 .text.timer_init
                0x00000000080017b0       0x1c ./Core/Src/software_timer.o
                0x00000000080017b0                timer_init
 .text.setTimer2
                0x00000000080017cc       0x38 ./Core/Src/software_timer.o
                0x00000000080017cc                setTimer2
 .text.HAL_TIM_PeriodElapsedCallback
                0x0000000008001804       0x54 ./Core/Src/software_timer.o
                0x0000000008001804                HAL_TIM_PeriodElapsedCallback
 .text.MX_SPI1_Init
                0x0000000008001858       0x6c ./Core/Src/spi.o
                0x0000000008001858                MX_SPI1_Init
 .text.HAL_SPI_MspInit
                0x00000000080018c4       0x90 ./Core/Src/spi.o
                0x00000000080018c4                HAL_SPI_MspInit
 .text.HAL_MspInit
                0x0000000008001954       0x50 ./Core/Src/stm32f4xx_hal_msp.o
                0x0000000008001954                HAL_MspInit
 .text.NMI_Handler
                0x00000000080019a4        0x6 ./Core/Src/stm32f4xx_it.o
                0x00000000080019a4                NMI_Handler
 .text.HardFault_Handler
                0x00000000080019aa        0x6 ./Core/Src/stm32f4xx_it.o
                0x00000000080019aa                HardFault_Handler
 .text.MemManage_Handler
                0x00000000080019b0        0x6 ./Core/Src/stm32f4xx_it.o
                0x00000000080019b0                MemManage_Handler
 .text.BusFault_Handler
                0x00000000080019b6        0x6 ./Core/Src/stm32f4xx_it.o
                0x00000000080019b6                BusFault_Handler
 .text.UsageFault_Handler
                0x00000000080019bc        0x6 ./Core/Src/stm32f4xx_it.o
                0x00000000080019bc                UsageFault_Handler
 .text.SVC_Handler
                0x00000000080019c2        0xe ./Core/Src/stm32f4xx_it.o
                0x00000000080019c2                SVC_Handler
 .text.DebugMon_Handler
                0x00000000080019d0        0xe ./Core/Src/stm32f4xx_it.o
                0x00000000080019d0                DebugMon_Handler
 .text.PendSV_Handler
                0x00000000080019de        0xe ./Core/Src/stm32f4xx_it.o
                0x00000000080019de                PendSV_Handler
 .text.SysTick_Handler
                0x00000000080019ec        0xc ./Core/Src/stm32f4xx_it.o
                0x00000000080019ec                SysTick_Handler
 .text.TIM2_IRQHandler
                0x00000000080019f8       0x14 ./Core/Src/stm32f4xx_it.o
                0x00000000080019f8                TIM2_IRQHandler
 .text.USART1_IRQHandler
                0x0000000008001a0c       0x14 ./Core/Src/stm32f4xx_it.o
                0x0000000008001a0c                USART1_IRQHandler
 .text.USART2_IRQHandler
                0x0000000008001a20       0x14 ./Core/Src/stm32f4xx_it.o
                0x0000000008001a20                USART2_IRQHandler
 .text.USART3_IRQHandler
                0x0000000008001a34       0x14 ./Core/Src/stm32f4xx_it.o
                0x0000000008001a34                USART3_IRQHandler
 .text.DMA2_Stream0_IRQHandler
                0x0000000008001a48       0x14 ./Core/Src/stm32f4xx_it.o
                0x0000000008001a48                DMA2_Stream0_IRQHandler
 .text.SystemInit
                0x0000000008001a5c       0x24 ./Core/Src/system_stm32f4xx.o
                0x0000000008001a5c                SystemInit
 .text.MX_TIM1_Init
                0x0000000008001a80       0xa0 ./Core/Src/tim.o
                0x0000000008001a80                MX_TIM1_Init
 .text.MX_TIM2_Init
                0x0000000008001b20       0x98 ./Core/Src/tim.o
                0x0000000008001b20                MX_TIM2_Init
 .text.MX_TIM13_Init
                0x0000000008001bb8       0x9c ./Core/Src/tim.o
                0x0000000008001bb8                MX_TIM13_Init
 .text.HAL_TIM_Base_MspInit
                0x0000000008001c54       0xa4 ./Core/Src/tim.o
                0x0000000008001c54                HAL_TIM_Base_MspInit
 .text.HAL_TIM_MspPostInit
                0x0000000008001cf8       0x74 ./Core/Src/tim.o
                0x0000000008001cf8                HAL_TIM_MspPostInit
 .text.uart_init_rs485
                0x0000000008001d6c       0x2c ./Core/Src/uart.o
                0x0000000008001d6c                uart_init_rs485
 .text.uart_init_esp
                0x0000000008001d98       0x2c ./Core/Src/uart.o
                0x0000000008001d98                uart_init_esp
 .text.uart_EspSendBytes
                0x0000000008001dc4       0x24 ./Core/Src/uart.o
                0x0000000008001dc4                uart_EspSendBytes
 .text.statusButton1
                0x0000000008001de8       0x5c ./Core/Src/uart.o
                0x0000000008001de8                statusButton1
 .text.statusButton2
                0x0000000008001e44       0x5c ./Core/Src/uart.o
                0x0000000008001e44                statusButton2
 .text.statusDevice1
                0x0000000008001ea0       0x5c ./Core/Src/uart.o
                0x0000000008001ea0                statusDevice1
 .text.statusDevice2
                0x0000000008001efc       0x5c ./Core/Src/uart.o
                0x0000000008001efc                statusDevice2
 .text.statusMotion
                0x0000000008001f58       0x24 ./Core/Src/uart.o
                0x0000000008001f58                statusMotion
 .text.HAL_UART_RxCpltCallback
                0x0000000008001f7c      0x13c ./Core/Src/uart.o
                0x0000000008001f7c                HAL_UART_RxCpltCallback
 .text.uart_EspCheck
                0x00000000080020b8       0x20 ./Core/Src/uart.o
                0x00000000080020b8                uart_EspCheck
 .text.MX_USART1_UART_Init
                0x00000000080020d8       0x54 ./Core/Src/usart.o
                0x00000000080020d8                MX_USART1_UART_Init
 .text.MX_USART2_UART_Init
                0x000000000800212c       0x54 ./Core/Src/usart.o
                0x000000000800212c                MX_USART2_UART_Init
 .text.MX_USART3_UART_Init
                0x0000000008002180       0x54 ./Core/Src/usart.o
                0x0000000008002180                MX_USART3_UART_Init
 .text.HAL_UART_MspInit
                0x00000000080021d4      0x198 ./Core/Src/usart.o
                0x00000000080021d4                HAL_UART_MspInit
 .text.Reset_Handler
                0x000000000800236c       0x50 ./Core/Startup/startup_stm32f407zetx.o
                0x000000000800236c                Reset_Handler
 .text.Default_Handler
                0x00000000080023bc        0x2 ./Core/Startup/startup_stm32f407zetx.o
                0x00000000080023bc                RTC_Alarm_IRQHandler
                0x00000000080023bc                HASH_RNG_IRQHandler
                0x00000000080023bc                EXTI2_IRQHandler
                0x00000000080023bc                TIM8_CC_IRQHandler
                0x00000000080023bc                TIM1_CC_IRQHandler
                0x00000000080023bc                DMA2_Stream5_IRQHandler
                0x00000000080023bc                DMA1_Stream5_IRQHandler
                0x00000000080023bc                PVD_IRQHandler
                0x00000000080023bc                SDIO_IRQHandler
                0x00000000080023bc                TAMP_STAMP_IRQHandler
                0x00000000080023bc                CAN2_RX1_IRQHandler
                0x00000000080023bc                EXTI3_IRQHandler
                0x00000000080023bc                TIM8_TRG_COM_TIM14_IRQHandler
                0x00000000080023bc                TIM1_UP_TIM10_IRQHandler
                0x00000000080023bc                TIM8_UP_TIM13_IRQHandler
                0x00000000080023bc                I2C3_ER_IRQHandler
                0x00000000080023bc                EXTI0_IRQHandler
                0x00000000080023bc                I2C2_EV_IRQHandler
                0x00000000080023bc                DMA1_Stream2_IRQHandler
                0x00000000080023bc                CAN1_RX0_IRQHandler
                0x00000000080023bc                FPU_IRQHandler
                0x00000000080023bc                OTG_HS_WKUP_IRQHandler
                0x00000000080023bc                CAN2_SCE_IRQHandler
                0x00000000080023bc                DMA2_Stream2_IRQHandler
                0x00000000080023bc                SPI1_IRQHandler
                0x00000000080023bc                TIM6_DAC_IRQHandler
                0x00000000080023bc                TIM1_BRK_TIM9_IRQHandler
                0x00000000080023bc                DCMI_IRQHandler
                0x00000000080023bc                CAN2_RX0_IRQHandler
                0x00000000080023bc                DMA2_Stream3_IRQHandler
                0x00000000080023bc                USART6_IRQHandler
                0x00000000080023bc                CAN1_RX1_IRQHandler
                0x00000000080023bc                UART5_IRQHandler
                0x00000000080023bc                TIM4_IRQHandler
                0x00000000080023bc                I2C1_EV_IRQHandler
                0x00000000080023bc                DMA1_Stream6_IRQHandler
                0x00000000080023bc                DMA1_Stream1_IRQHandler
                0x00000000080023bc                UART4_IRQHandler
                0x00000000080023bc                TIM3_IRQHandler
                0x00000000080023bc                RCC_IRQHandler
                0x00000000080023bc                TIM8_BRK_TIM12_IRQHandler
                0x00000000080023bc                Default_Handler
                0x00000000080023bc                EXTI15_10_IRQHandler
                0x00000000080023bc                ADC_IRQHandler
                0x00000000080023bc                DMA1_Stream7_IRQHandler
                0x00000000080023bc                TIM7_IRQHandler
                0x00000000080023bc                CAN2_TX_IRQHandler
                0x00000000080023bc                TIM5_IRQHandler
                0x00000000080023bc                DMA2_Stream7_IRQHandler
                0x00000000080023bc                I2C3_EV_IRQHandler
                0x00000000080023bc                EXTI9_5_IRQHandler
                0x00000000080023bc                RTC_WKUP_IRQHandler
                0x00000000080023bc                ETH_WKUP_IRQHandler
                0x00000000080023bc                SPI2_IRQHandler
                0x00000000080023bc                OTG_HS_EP1_IN_IRQHandler
                0x00000000080023bc                DMA1_Stream0_IRQHandler
                0x00000000080023bc                CAN1_TX_IRQHandler
                0x00000000080023bc                EXTI4_IRQHandler
                0x00000000080023bc                FSMC_IRQHandler
                0x00000000080023bc                ETH_IRQHandler
                0x00000000080023bc                OTG_HS_EP1_OUT_IRQHandler
                0x00000000080023bc                WWDG_IRQHandler
                0x00000000080023bc                OTG_FS_WKUP_IRQHandler
                0x00000000080023bc                TIM1_TRG_COM_TIM11_IRQHandler
                0x00000000080023bc                OTG_HS_IRQHandler
                0x00000000080023bc                EXTI1_IRQHandler
                0x00000000080023bc                I2C2_ER_IRQHandler
                0x00000000080023bc                DMA2_Stream1_IRQHandler
                0x00000000080023bc                CAN1_SCE_IRQHandler
                0x00000000080023bc                FLASH_IRQHandler
                0x00000000080023bc                DMA2_Stream4_IRQHandler
                0x00000000080023bc                OTG_FS_IRQHandler
                0x00000000080023bc                SPI3_IRQHandler
                0x00000000080023bc                DMA1_Stream4_IRQHandler
                0x00000000080023bc                I2C1_ER_IRQHandler
                0x00000000080023bc                DMA2_Stream6_IRQHandler
                0x00000000080023bc                DMA1_Stream3_IRQHandler
 *fill*         0x00000000080023be        0x2 
 .text.HAL_Init
                0x00000000080023c0       0x44 ./Drivers/STM32F4xx_HAL_Driver/Src/stm32f4xx_hal.o
                0x00000000080023c0                HAL_Init
 .text.HAL_InitTick
                0x0000000008002404       0x60 ./Drivers/STM32F4xx_HAL_Driver/Src/stm32f4xx_hal.o
                0x0000000008002404                HAL_InitTick
 .text.HAL_IncTick
                0x0000000008002464       0x28 ./Drivers/STM32F4xx_HAL_Driver/Src/stm32f4xx_hal.o
                0x0000000008002464                HAL_IncTick
 .text.HAL_GetTick
                0x000000000800248c       0x18 ./Drivers/STM32F4xx_HAL_Driver/Src/stm32f4xx_hal.o
                0x000000000800248c                HAL_GetTick
 .text.HAL_Delay
                0x00000000080024a4       0x48 ./Drivers/STM32F4xx_HAL_Driver/Src/stm32f4xx_hal.o
                0x00000000080024a4                HAL_Delay
 .text.HAL_ADC_Init
                0x00000000080024ec       0x86 ./Drivers/STM32F4xx_HAL_Driver/Src/stm32f4xx_hal_adc.o
                0x00000000080024ec                HAL_ADC_Init
 *fill*         0x0000000008002572        0x2 
 .text.HAL_ADC_ConfigChannel
                0x0000000008002574      0x244 ./Drivers/STM32F4xx_HAL_Driver/Src/stm32f4xx_hal_adc.o
                0x0000000008002574                HAL_ADC_ConfigChannel
 .text.ADC_Init
                0x00000000080027b8      0x1f8 ./Drivers/STM32F4xx_HAL_Driver/Src/stm32f4xx_hal_adc.o
 .text.__NVIC_SetPriorityGrouping
                0x00000000080029b0       0x48 ./Drivers/STM32F4xx_HAL_Driver/Src/stm32f4xx_hal_cortex.o
 .text.__NVIC_GetPriorityGrouping
                0x00000000080029f8       0x1c ./Drivers/STM32F4xx_HAL_Driver/Src/stm32f4xx_hal_cortex.o
 .text.__NVIC_EnableIRQ
                0x0000000008002a14       0x3c ./Drivers/STM32F4xx_HAL_Driver/Src/stm32f4xx_hal_cortex.o
 .text.__NVIC_SetPriority
                0x0000000008002a50       0x54 ./Drivers/STM32F4xx_HAL_Driver/Src/stm32f4xx_hal_cortex.o
 .text.NVIC_EncodePriority
                0x0000000008002aa4       0x66 ./Drivers/STM32F4xx_HAL_Driver/Src/stm32f4xx_hal_cortex.o
 *fill*         0x0000000008002b0a        0x2 
 .text.SysTick_Config
                0x0000000008002b0c       0x44 ./Drivers/STM32F4xx_HAL_Driver/Src/stm32f4xx_hal_cortex.o
 .text.HAL_NVIC_SetPriorityGrouping
                0x0000000008002b50       0x16 ./Drivers/STM32F4xx_HAL_Driver/Src/stm32f4xx_hal_cortex.o
                0x0000000008002b50                HAL_NVIC_SetPriorityGrouping
 .text.HAL_NVIC_SetPriority
                0x0000000008002b66       0x38 ./Drivers/STM32F4xx_HAL_Driver/Src/stm32f4xx_hal_cortex.o
                0x0000000008002b66                HAL_NVIC_SetPriority
 .text.HAL_NVIC_EnableIRQ
                0x0000000008002b9e       0x1c ./Drivers/STM32F4xx_HAL_Driver/Src/stm32f4xx_hal_cortex.o
                0x0000000008002b9e                HAL_NVIC_EnableIRQ
 .text.HAL_SYSTICK_Config
                0x0000000008002bba       0x18 ./Drivers/STM32F4xx_HAL_Driver/Src/stm32f4xx_hal_cortex.o
                0x0000000008002bba                HAL_SYSTICK_Config
 *fill*         0x0000000008002bd2        0x2 
 .text.HAL_DMA_Init
                0x0000000008002bd4      0x15c ./Drivers/STM32F4xx_HAL_Driver/Src/stm32f4xx_hal_dma.o
                0x0000000008002bd4                HAL_DMA_Init
 .text.HAL_DMA_Abort
                0x0000000008002d30       0xe0 ./Drivers/STM32F4xx_HAL_Driver/Src/stm32f4xx_hal_dma.o
                0x0000000008002d30                HAL_DMA_Abort
 .text.HAL_DMA_Abort_IT
                0x0000000008002e10       0x44 ./Drivers/STM32F4xx_HAL_Driver/Src/stm32f4xx_hal_dma.o
                0x0000000008002e10                HAL_DMA_Abort_IT
 .text.HAL_DMA_IRQHandler
                0x0000000008002e54      0x314 ./Drivers/STM32F4xx_HAL_Driver/Src/stm32f4xx_hal_dma.o
                0x0000000008002e54                HAL_DMA_IRQHandler
 .text.DMA_CalcBaseAndBitshift
                0x0000000008003168       0x6c ./Drivers/STM32F4xx_HAL_Driver/Src/stm32f4xx_hal_dma.o
 .text.DMA_CheckFifoParam
                0x00000000080031d4       0xf8 ./Drivers/STM32F4xx_HAL_Driver/Src/stm32f4xx_hal_dma.o
 .text.HAL_GPIO_Init
                0x00000000080032cc      0x338 ./Drivers/STM32F4xx_HAL_Driver/Src/stm32f4xx_hal_gpio.o
                0x00000000080032cc                HAL_GPIO_Init
 .text.HAL_GPIO_WritePin
                0x0000000008003604       0x32 ./Drivers/STM32F4xx_HAL_Driver/Src/stm32f4xx_hal_gpio.o
                0x0000000008003604                HAL_GPIO_WritePin
 .text.HAL_GPIO_TogglePin
                0x0000000008003636       0x34 ./Drivers/STM32F4xx_HAL_Driver/Src/stm32f4xx_hal_gpio.o
                0x0000000008003636                HAL_GPIO_TogglePin
 *fill*         0x000000000800366a        0x2 
 .text.HAL_I2C_Init
                0x000000000800366c      0x288 ./Drivers/STM32F4xx_HAL_Driver/Src/stm32f4xx_hal_i2c.o
                0x000000000800366c                HAL_I2C_Init
 .text.HAL_RCC_OscConfig
                0x00000000080038f4      0x4f0 ./Drivers/STM32F4xx_HAL_Driver/Src/stm32f4xx_hal_rcc.o
                0x00000000080038f4                HAL_RCC_OscConfig
 .text.HAL_RCC_ClockConfig
                0x0000000008003de4      0x1cc ./Drivers/STM32F4xx_HAL_Driver/Src/stm32f4xx_hal_rcc.o
                0x0000000008003de4                HAL_RCC_ClockConfig
 .text.HAL_RCC_GetSysClockFreq
                0x0000000008003fb0      0x20c ./Drivers/STM32F4xx_HAL_Driver/Src/stm32f4xx_hal_rcc.o
                0x0000000008003fb0                HAL_RCC_GetSysClockFreq
 .text.HAL_RCC_GetHCLKFreq
                0x00000000080041bc       0x18 ./Drivers/STM32F4xx_HAL_Driver/Src/stm32f4xx_hal_rcc.o
                0x00000000080041bc                HAL_RCC_GetHCLKFreq
 .text.HAL_RCC_GetPCLK1Freq
                0x00000000080041d4       0x28 ./Drivers/STM32F4xx_HAL_Driver/Src/stm32f4xx_hal_rcc.o
                0x00000000080041d4                HAL_RCC_GetPCLK1Freq
 .text.HAL_RCC_GetPCLK2Freq
                0x00000000080041fc       0x28 ./Drivers/STM32F4xx_HAL_Driver/Src/stm32f4xx_hal_rcc.o
                0x00000000080041fc                HAL_RCC_GetPCLK2Freq
 .text.HAL_SPI_Init
                0x0000000008004224      0x112 ./Drivers/STM32F4xx_HAL_Driver/Src/stm32f4xx_hal_spi.o
                0x0000000008004224                HAL_SPI_Init
 .text.HAL_SPI_Transmit
                0x0000000008004336      0x278 ./Drivers/STM32F4xx_HAL_Driver/Src/stm32f4xx_hal_spi.o
                0x0000000008004336                HAL_SPI_Transmit
 .text.HAL_SPI_Receive
                0x00000000080045ae      0x222 ./Drivers/STM32F4xx_HAL_Driver/Src/stm32f4xx_hal_spi.o
                0x00000000080045ae                HAL_SPI_Receive
 .text.HAL_SPI_TransmitReceive
                0x00000000080047d0      0x344 ./Drivers/STM32F4xx_HAL_Driver/Src/stm32f4xx_hal_spi.o
                0x00000000080047d0                HAL_SPI_TransmitReceive
 .text.SPI_WaitFlagStateUntilTimeout
                0x0000000008004b14      0x110 ./Drivers/STM32F4xx_HAL_Driver/Src/stm32f4xx_hal_spi.o
 .text.SPI_EndRxTransaction
                0x0000000008004c24       0xca ./Drivers/STM32F4xx_HAL_Driver/Src/stm32f4xx_hal_spi.o
 *fill*         0x0000000008004cee        0x2 
 .text.SPI_EndRxTxTransaction
                0x0000000008004cf0       0x84 ./Drivers/STM32F4xx_HAL_Driver/Src/stm32f4xx_hal_spi.o
 .text.HAL_SRAM_Init
                0x0000000008004d74       0x88 ./Drivers/STM32F4xx_HAL_Driver/Src/stm32f4xx_hal_sram.o
                0x0000000008004d74                HAL_SRAM_Init
 .text.HAL_TIM_Base_Init
                0x0000000008004dfc       0x9e ./Drivers/STM32F4xx_HAL_Driver/Src/stm32f4xx_hal_tim.o
                0x0000000008004dfc                HAL_TIM_Base_Init
 *fill*         0x0000000008004e9a        0x2 
 .text.HAL_TIM_Base_Start
                0x0000000008004e9c       0xd0 ./Drivers/STM32F4xx_HAL_Driver/Src/stm32f4xx_hal_tim.o
                0x0000000008004e9c                HAL_TIM_Base_Start
 .text.HAL_TIM_Base_Start_IT
                0x0000000008004f6c       0xe0 ./Drivers/STM32F4xx_HAL_Driver/Src/stm32f4xx_hal_tim.o
                0x0000000008004f6c                HAL_TIM_Base_Start_IT
 .text.HAL_TIM_PWM_Init
                0x000000000800504c       0x9e ./Drivers/STM32F4xx_HAL_Driver/Src/stm32f4xx_hal_tim.o
                0x000000000800504c                HAL_TIM_PWM_Init
 .text.HAL_TIM_PWM_MspInit
                0x00000000080050ea       0x14 ./Drivers/STM32F4xx_HAL_Driver/Src/stm32f4xx_hal_tim.o
                0x00000000080050ea                HAL_TIM_PWM_MspInit
 .text.HAL_TIM_IRQHandler
                0x00000000080050fe      0x210 ./Drivers/STM32F4xx_HAL_Driver/Src/stm32f4xx_hal_tim.o
                0x00000000080050fe                HAL_TIM_IRQHandler
 *fill*         0x000000000800530e        0x2 
 .text.HAL_TIM_PWM_ConfigChannel
                0x0000000008005310      0x184 ./Drivers/STM32F4xx_HAL_Driver/Src/stm32f4xx_hal_tim.o
                0x0000000008005310                HAL_TIM_PWM_ConfigChannel
 .text.HAL_TIM_ConfigClockSource
                0x0000000008005494      0x18e ./Drivers/STM32F4xx_HAL_Driver/Src/stm32f4xx_hal_tim.o
                0x0000000008005494                HAL_TIM_ConfigClockSource
 .text.HAL_TIM_OC_DelayElapsedCallback
                0x0000000008005622       0x14 ./Drivers/STM32F4xx_HAL_Driver/Src/stm32f4xx_hal_tim.o
                0x0000000008005622                HAL_TIM_OC_DelayElapsedCallback
 .text.HAL_TIM_IC_CaptureCallback
                0x0000000008005636       0x14 ./Drivers/STM32F4xx_HAL_Driver/Src/stm32f4xx_hal_tim.o
                0x0000000008005636                HAL_TIM_IC_CaptureCallback
 .text.HAL_TIM_PWM_PulseFinishedCallback
                0x000000000800564a       0x14 ./Drivers/STM32F4xx_HAL_Driver/Src/stm32f4xx_hal_tim.o
                0x000000000800564a                HAL_TIM_PWM_PulseFinishedCallback
 .text.HAL_TIM_TriggerCallback
                0x000000000800565e       0x14 ./Drivers/STM32F4xx_HAL_Driver/Src/stm32f4xx_hal_tim.o
                0x000000000800565e                HAL_TIM_TriggerCallback
 *fill*         0x0000000008005672        0x2 
 .text.TIM_Base_SetConfig
                0x0000000008005674      0x140 ./Drivers/STM32F4xx_HAL_Driver/Src/stm32f4xx_hal_tim.o
                0x0000000008005674                TIM_Base_SetConfig
 .text.TIM_OC1_SetConfig
                0x00000000080057b4       0xe0 ./Drivers/STM32F4xx_HAL_Driver/Src/stm32f4xx_hal_tim.o
 .text.TIM_OC2_SetConfig
                0x0000000008005894       0xec ./Drivers/STM32F4xx_HAL_Driver/Src/stm32f4xx_hal_tim.o
                0x0000000008005894                TIM_OC2_SetConfig
 .text.TIM_OC3_SetConfig
                0x0000000008005980       0xe8 ./Drivers/STM32F4xx_HAL_Driver/Src/stm32f4xx_hal_tim.o
 .text.TIM_OC4_SetConfig
                0x0000000008005a68       0xac ./Drivers/STM32F4xx_HAL_Driver/Src/stm32f4xx_hal_tim.o
 .text.TIM_TI1_ConfigInputStage
                0x0000000008005b14       0x5e ./Drivers/STM32F4xx_HAL_Driver/Src/stm32f4xx_hal_tim.o
 .text.TIM_TI2_ConfigInputStage
                0x0000000008005b72       0x60 ./Drivers/STM32F4xx_HAL_Driver/Src/stm32f4xx_hal_tim.o
 .text.TIM_ITRx_SetConfig
                0x0000000008005bd2       0x36 ./Drivers/STM32F4xx_HAL_Driver/Src/stm32f4xx_hal_tim.o
 .text.TIM_ETR_SetConfig
                0x0000000008005c08       0x40 ./Drivers/STM32F4xx_HAL_Driver/Src/stm32f4xx_hal_tim.o
                0x0000000008005c08                TIM_ETR_SetConfig
 .text.HAL_TIMEx_MasterConfigSynchronization
                0x0000000008005c48       0xf8 ./Drivers/STM32F4xx_HAL_Driver/Src/stm32f4xx_hal_tim_ex.o
                0x0000000008005c48                HAL_TIMEx_MasterConfigSynchronization
 .text.HAL_TIMEx_CommutCallback
                0x0000000008005d40       0x14 ./Drivers/STM32F4xx_HAL_Driver/Src/stm32f4xx_hal_tim_ex.o
                0x0000000008005d40                HAL_TIMEx_CommutCallback
 .text.HAL_TIMEx_BreakCallback
                0x0000000008005d54       0x14 ./Drivers/STM32F4xx_HAL_Driver/Src/stm32f4xx_hal_tim_ex.o
                0x0000000008005d54                HAL_TIMEx_BreakCallback
 .text.HAL_UART_Init
                0x0000000008005d68       0x9a ./Drivers/STM32F4xx_HAL_Driver/Src/stm32f4xx_hal_uart.o
                0x0000000008005d68                HAL_UART_Init
 .text.HAL_UART_Transmit
                0x0000000008005e02      0x124 ./Drivers/STM32F4xx_HAL_Driver/Src/stm32f4xx_hal_uart.o
                0x0000000008005e02                HAL_UART_Transmit
 .text.HAL_UART_Receive_IT
                0x0000000008005f26       0x60 ./Drivers/STM32F4xx_HAL_Driver/Src/stm32f4xx_hal_uart.o
                0x0000000008005f26                HAL_UART_Receive_IT
 *fill*         0x0000000008005f86        0x2 
 .text.HAL_UART_IRQHandler
                0x0000000008005f88      0x51c ./Drivers/STM32F4xx_HAL_Driver/Src/stm32f4xx_hal_uart.o
                0x0000000008005f88                HAL_UART_IRQHandler
 .text.HAL_UART_TxCpltCallback
                0x00000000080064a4       0x14 ./Drivers/STM32F4xx_HAL_Driver/Src/stm32f4xx_hal_uart.o
                0x00000000080064a4                HAL_UART_TxCpltCallback
 .text.HAL_UART_ErrorCallback
                0x00000000080064b8       0x14 ./Drivers/STM32F4xx_HAL_Driver/Src/stm32f4xx_hal_uart.o
                0x00000000080064b8                HAL_UART_ErrorCallback
 .text.HAL_UARTEx_RxEventCallback
                0x00000000080064cc       0x18 ./Drivers/STM32F4xx_HAL_Driver/Src/stm32f4xx_hal_uart.o
                0x00000000080064cc                HAL_UARTEx_RxEventCallback
 .text.UART_WaitOnFlagUntilTimeout
                0x00000000080064e4       0xdc ./Drivers/STM32F4xx_HAL_Driver/Src/stm32f4xx_hal_uart.o
 .text.UART_Start_Receive_IT
                0x00000000080065c0       0x74 ./Drivers/STM32F4xx_HAL_Driver/Src/stm32f4xx_hal_uart.o
                0x00000000080065c0                UART_Start_Receive_IT
 .text.UART_EndRxTransfer
                0x0000000008006634       0xc6 ./Drivers/STM32F4xx_HAL_Driver/Src/stm32f4xx_hal_uart.o
 .text.UART_DMAAbortOnError
                0x00000000080066fa       0x28 ./Drivers/STM32F4xx_HAL_Driver/Src/stm32f4xx_hal_uart.o
 .text.UART_Transmit_IT
                0x0000000008006722       0xa0 ./Drivers/STM32F4xx_HAL_Driver/Src/stm32f4xx_hal_uart.o
 .text.UART_EndTransmit_IT
                0x00000000080067c2       0x30 ./Drivers/STM32F4xx_HAL_Driver/Src/stm32f4xx_hal_uart.o
 .text.UART_Receive_IT
                0x00000000080067f2      0x176 ./Drivers/STM32F4xx_HAL_Driver/Src/stm32f4xx_hal_uart.o
 .text.UART_SetConfig
                0x0000000008006968      0x4e8 ./Drivers/STM32F4xx_HAL_Driver/Src/stm32f4xx_hal_uart.o
 .text.FSMC_NORSRAM_Init
                0x0000000008006e50       0xa4 ./Drivers/STM32F4xx_HAL_Driver/Src/stm32f4xx_ll_fsmc.o
                0x0000000008006e50                FSMC_NORSRAM_Init
 .text.FSMC_NORSRAM_Timing_Init
                0x0000000008006ef4       0x7a ./Drivers/STM32F4xx_HAL_Driver/Src/stm32f4xx_ll_fsmc.o
                0x0000000008006ef4                FSMC_NORSRAM_Timing_Init
 *fill*         0x0000000008006f6e        0x2 
 .text.FSMC_NORSRAM_Extended_Timing_Init
                0x0000000008006f70       0x80 ./Drivers/STM32F4xx_HAL_Driver/Src/stm32f4xx_ll_fsmc.o
                0x0000000008006f70                FSMC_NORSRAM_Extended_Timing_Init
 .text.memset   0x0000000008006ff0       0x10 E:/software/stm3214/STM32CubeIDE_1.14.1/STM32CubeIDE/plugins/com.st.stm32cube.ide.mcu.externaltools.gnu-tools-for-stm32.11.3.rel1.win32_1.1.100.202309141235/tools/bin/../lib/gcc/arm-none-eabi/11.3.1/../../../../arm-none-eabi/lib/thumb/v7e-m+fp/hard\libc_nano.a(libc_a-memset.o)
                0x0000000008006ff0                memset
 .text.__libc_init_array
                0x0000000008007000       0x48 E:/software/stm3214/STM32CubeIDE_1.14.1/STM32CubeIDE/plugins/com.st.stm32cube.ide.mcu.externaltools.gnu-tools-for-stm32.11.3.rel1.win32_1.1.100.202309141235/tools/bin/../lib/gcc/arm-none-eabi/11.3.1/../../../../arm-none-eabi/lib/thumb/v7e-m+fp/hard\libc_nano.a(libc_a-init.o)
                0x0000000008007000                __libc_init_array
 *(.glue_7)
 .glue_7        0x0000000008007048        0x0 linker stubs
 *(.glue_7t)
 .glue_7t       0x0000000008007048        0x0 linker stubs
 *(.eh_frame)
 .eh_frame      0x0000000008007048        0x0 E:/software/stm3214/STM32CubeIDE_1.14.1/STM32CubeIDE/plugins/com.st.stm32cube.ide.mcu.externaltools.gnu-tools-for-stm32.11.3.rel1.win32_1.1.100.202309141235/tools/bin/../lib/gcc/arm-none-eabi/11.3.1/thumb/v7e-m+fp/hard/crtbegin.o
 *(.init)
 .init          0x0000000008007048        0x4 E:/software/stm3214/STM32CubeIDE_1.14.1/STM32CubeIDE/plugins/com.st.stm32cube.ide.mcu.externaltools.gnu-tools-for-stm32.11.3.rel1.win32_1.1.100.202309141235/tools/bin/../lib/gcc/arm-none-eabi/11.3.1/thumb/v7e-m+fp/hard/crti.o
                0x0000000008007048                _init
 .init          0x000000000800704c        0x8 E:/software/stm3214/STM32CubeIDE_1.14.1/STM32CubeIDE/plugins/com.st.stm32cube.ide.mcu.externaltools.gnu-tools-for-stm32.11.3.rel1.win32_1.1.100.202309141235/tools/bin/../lib/gcc/arm-none-eabi/11.3.1/thumb/v7e-m+fp/hard/crtn.o
 *(.fini)
 .fini          0x0000000008007054        0x4 E:/software/stm3214/STM32CubeIDE_1.14.1/STM32CubeIDE/plugins/com.st.stm32cube.ide.mcu.externaltools.gnu-tools-for-stm32.11.3.rel1.win32_1.1.100.202309141235/tools/bin/../lib/gcc/arm-none-eabi/11.3.1/thumb/v7e-m+fp/hard/crti.o
                0x0000000008007054                _fini
 .fini          0x0000000008007058        0x8 E:/software/stm3214/STM32CubeIDE_1.14.1/STM32CubeIDE/plugins/com.st.stm32cube.ide.mcu.externaltools.gnu-tools-for-stm32.11.3.rel1.win32_1.1.100.202309141235/tools/bin/../lib/gcc/arm-none-eabi/11.3.1/thumb/v7e-m+fp/hard/crtn.o
                0x0000000008007060                . = ALIGN (0x4)
                0x0000000008007060                _etext = .

.vfp11_veneer   0x0000000008007060        0x0
 .vfp11_veneer  0x0000000008007060        0x0 linker stubs

.v4_bx          0x0000000008007060        0x0
 .v4_bx         0x0000000008007060        0x0 linker stubs

.iplt           0x0000000008007060        0x0
 .iplt          0x0000000008007060        0x0 E:/software/stm3214/STM32CubeIDE_1.14.1/STM32CubeIDE/plugins/com.st.stm32cube.ide.mcu.externaltools.gnu-tools-for-stm32.11.3.rel1.win32_1.1.100.202309141235/tools/bin/../lib/gcc/arm-none-eabi/11.3.1/thumb/v7e-m+fp/hard/crtbegin.o

.rodata         0x0000000008007060     0x2fb8
                0x0000000008007060                . = ALIGN (0x4)
 *(.rodata)
 .rodata        0x0000000008007060       0x18 ./Core/Src/light_control.o
 *(.rodata*)
 .rodata.ascii_1608
                0x0000000008007078      0x5f0 ./Core/Src/lcd.o
                0x0000000008007078                ascii_1608
 .rodata.ascii_2412
                0x0000000008007668     0x11d0 ./Core/Src/lcd.o
                0x0000000008007668                ascii_2412
 .rodata.ascii_3216
                0x0000000008008838     0x17c0 ./Core/Src/lcd.o
                0x0000000008008838                ascii_3216
 .rodata.AHBPrescTable
                0x0000000008009ff8       0x10 ./Core/Src/system_stm32f4xx.o
                0x0000000008009ff8                AHBPrescTable
 .rodata.APBPrescTable
                0x000000000800a008        0x8 ./Core/Src/system_stm32f4xx.o
                0x000000000800a008                APBPrescTable
 .rodata.flagBitshiftOffset.0
                0x000000000800a010        0x8 ./Drivers/STM32F4xx_HAL_Driver/Src/stm32f4xx_hal_dma.o
                0x000000000800a018                . = ALIGN (0x4)

.ARM.extab      0x000000000800a018        0x0
                0x000000000800a018                . = ALIGN (0x4)
 *(.ARM.extab* .gnu.linkonce.armextab.*)
                0x000000000800a018                . = ALIGN (0x4)

.ARM            0x000000000800a018        0x8
                0x000000000800a018                . = ALIGN (0x4)
                0x000000000800a018                __exidx_start = .
 *(.ARM.exidx*)
 .ARM.exidx     0x000000000800a018        0x8 E:/software/stm3214/STM32CubeIDE_1.14.1/STM32CubeIDE/plugins/com.st.stm32cube.ide.mcu.externaltools.gnu-tools-for-stm32.11.3.rel1.win32_1.1.100.202309141235/tools/bin/../lib/gcc/arm-none-eabi/11.3.1/thumb/v7e-m+fp/hard\libgcc.a(_udivmoddi4.o)
                0x000000000800a020                __exidx_end = .
                0x000000000800a020                . = ALIGN (0x4)

.rel.dyn        0x000000000800a020        0x0
 .rel.iplt      0x000000000800a020        0x0 E:/software/stm3214/STM32CubeIDE_1.14.1/STM32CubeIDE/plugins/com.st.stm32cube.ide.mcu.externaltools.gnu-tools-for-stm32.11.3.rel1.win32_1.1.100.202309141235/tools/bin/../lib/gcc/arm-none-eabi/11.3.1/thumb/v7e-m+fp/hard/crtbegin.o

.preinit_array  0x000000000800a020        0x0
                0x000000000800a020                . = ALIGN (0x4)
                0x000000000800a020                PROVIDE (__preinit_array_start = .)
 *(.preinit_array*)
                0x000000000800a020                PROVIDE (__preinit_array_end = .)
                0x000000000800a020                . = ALIGN (0x4)

.init_array     0x000000000800a020        0x4
                0x000000000800a020                . = ALIGN (0x4)
                0x000000000800a020                PROVIDE (__init_array_start = .)
 *(SORT_BY_NAME(.init_array.*))
 *(.init_array*)
 .init_array    0x000000000800a020        0x4 E:/software/stm3214/STM32CubeIDE_1.14.1/STM32CubeIDE/plugins/com.st.stm32cube.ide.mcu.externaltools.gnu-tools-for-stm32.11.3.rel1.win32_1.1.100.202309141235/tools/bin/../lib/gcc/arm-none-eabi/11.3.1/thumb/v7e-m+fp/hard/crtbegin.o
                0x000000000800a024                PROVIDE (__init_array_end = .)
                0x000000000800a024                . = ALIGN (0x4)

.fini_array     0x000000000800a024        0x4
                0x000000000800a024                . = ALIGN (0x4)
                [!provide]                        PROVIDE (__fini_array_start = .)
 *(SORT_BY_NAME(.fini_array.*))
 *(.fini_array*)
 .fini_array    0x000000000800a024        0x4 E:/software/stm3214/STM32CubeIDE_1.14.1/STM32CubeIDE/plugins/com.st.stm32cube.ide.mcu.externaltools.gnu-tools-for-stm32.11.3.rel1.win32_1.1.100.202309141235/tools/bin/../lib/gcc/arm-none-eabi/11.3.1/thumb/v7e-m+fp/hard/crtbegin.o
                [!provide]                        PROVIDE (__fini_array_end = .)
                0x000000000800a028                . = ALIGN (0x4)
                0x000000000800a028                _sidata = LOADADDR (.data)

.data           0x0000000020000000       0x1c load address 0x000000000800a028
                0x0000000020000000                . = ALIGN (0x4)
                0x0000000020000000                _sdata = .
 *(.data)
 *(.data*)
 .data.led7seg  0x0000000020000000        0x4 ./Core/Src/led_7seg.o
                0x0000000020000000                led7seg
 .data.spi_buffer
                0x0000000020000004        0x2 ./Core/Src/led_7seg.o
                0x0000000020000004                spi_buffer
 *fill*         0x0000000020000006        0x2 
 .data.SystemCoreClock
                0x0000000020000008        0x4 ./Core/Src/system_stm32f4xx.o
                0x0000000020000008                SystemCoreClock
 .data.status_but1
                0x000000002000000c        0x1 ./Core/Src/uart.o
                0x000000002000000c                status_but1
 .data.status_but2
                0x000000002000000d        0x1 ./Core/Src/uart.o
                0x000000002000000d                status_but2
 .data.status_d1
                0x000000002000000e        0x1 ./Core/Src/uart.o
                0x000000002000000e                status_d1
 .data.status_d2
                0x000000002000000f        0x1 ./Core/Src/uart.o
                0x000000002000000f                status_d2
 .data.status_send_esp
                0x0000000020000010        0x1 ./Core/Src/uart.o
                0x0000000020000010                status_send_esp
 *fill*         0x0000000020000011        0x3 
 .data.uwTickPrio
                0x0000000020000014        0x4 ./Drivers/STM32F4xx_HAL_Driver/Src/stm32f4xx_hal.o
                0x0000000020000014                uwTickPrio
 .data.uwTickFreq
                0x0000000020000018        0x1 ./Drivers/STM32F4xx_HAL_Driver/Src/stm32f4xx_hal.o
                0x0000000020000018                uwTickFreq
 *(.RamFunc)
 *(.RamFunc*)
                0x000000002000001c                . = ALIGN (0x4)
 *fill*         0x0000000020000019        0x3 
                0x000000002000001c                _edata = .
                0x000000000800a044                _siccmram = LOADADDR (.ccmram)

.igot.plt       0x000000002000001c        0x0 load address 0x000000000800a044
 .igot.plt      0x000000002000001c        0x0 E:/software/stm3214/STM32CubeIDE_1.14.1/STM32CubeIDE/plugins/com.st.stm32cube.ide.mcu.externaltools.gnu-tools-for-stm32.11.3.rel1.win32_1.1.100.202309141235/tools/bin/../lib/gcc/arm-none-eabi/11.3.1/thumb/v7e-m+fp/hard/crtbegin.o

.ccmram         0x0000000010000000        0x0 load address 0x000000000800a044
                0x0000000010000000                . = ALIGN (0x4)
                0x0000000010000000                _sccmram = .
 *(.ccmram)
 *(.ccmram*)
                0x0000000010000000                . = ALIGN (0x4)
                0x0000000010000000                _eccmram = .
                0x0000000010000000                . = ALIGN (0x4)

.bss            0x000000002000001c      0x3b0
                0x000000002000001c                _sbss = .
                0x000000002000001c                __bss_start__ = _sbss
 *(.bss)
 .bss           0x000000002000001c       0x1c E:/software/stm3214/STM32CubeIDE_1.14.1/STM32CubeIDE/plugins/com.st.stm32cube.ide.mcu.externaltools.gnu-tools-for-stm32.11.3.rel1.win32_1.1.100.202309141235/tools/bin/../lib/gcc/arm-none-eabi/11.3.1/thumb/v7e-m+fp/hard/crtbegin.o
 *(.bss*)
 .bss.hadc1     0x0000000020000038       0x48 ./Core/Src/adc.o
                0x0000000020000038                hadc1
 .bss.hdma_adc1
                0x0000000020000080       0x60 ./Core/Src/adc.o
                0x0000000020000080                hdma_adc1
 .bss.button_count
                0x00000000200000e0       0x20 ./Core/Src/button.o
                0x00000000200000e0                button_count
 .bss.spi_button
                0x0000000020000100        0x2 ./Core/Src/button.o
                0x0000000020000100                spi_button
 *fill*         0x0000000020000102        0x2 
 .bss.hsram1    0x0000000020000104       0x50 ./Core/Src/fsmc.o
                0x0000000020000104                hsram1
 .bss.FSMC_Initialized
                0x0000000020000154        0x4 ./Core/Src/fsmc.o
 .bss.hi2c1     0x0000000020000158       0x54 ./Core/Src/i2c.o
                0x0000000020000158                hi2c1
 .bss.lcddev    0x00000000200001ac        0x6 ./Core/Src/lcd.o
                0x00000000200001ac                lcddev
 *fill*         0x00000000200001b2        0x2 
 .bss.led7_index
                0x00000000200001b4        0x4 ./Core/Src/led_7seg.o
                0x00000000200001b4                led7_index
 .bss.light_status
                0x00000000200001b8        0x1 ./Core/Src/light_control.o
                0x00000000200001b8                light_status
 .bss.count_led_debug
                0x00000000200001b9        0x1 ./Core/Src/main.o
                0x00000000200001b9                count_led_debug
 .bss.flag_timer2
                0x00000000200001ba        0x2 ./Core/Src/software_timer.o
                0x00000000200001ba                flag_timer2
 .bss.timer2_counter
                0x00000000200001bc        0x2 ./Core/Src/software_timer.o
                0x00000000200001bc                timer2_counter
 .bss.timer2_MUL
                0x00000000200001be        0x2 ./Core/Src/software_timer.o
                0x00000000200001be                timer2_MUL
 .bss.hspi1     0x00000000200001c0       0x58 ./Core/Src/spi.o
                0x00000000200001c0                hspi1
 .bss.htim1     0x0000000020000218       0x48 ./Core/Src/tim.o
                0x0000000020000218                htim1
 .bss.htim2     0x0000000020000260       0x48 ./Core/Src/tim.o
                0x0000000020000260                htim2
 .bss.htim13    0x00000000200002a8       0x48 ./Core/Src/tim.o
                0x00000000200002a8                htim13
 .bss.data      0x00000000200002f0        0x9 ./Core/Src/uart.o
                0x00000000200002f0                data
 .bss.receive_buffer1
                0x00000000200002f9        0x1 ./Core/Src/uart.o
                0x00000000200002f9                receive_buffer1
 .bss.receive_buffer2
                0x00000000200002fa        0x1 ./Core/Src/uart.o
                0x00000000200002fa                receive_buffer2
 .bss.check_esp
                0x00000000200002fb        0x1 ./Core/Src/uart.o
                0x00000000200002fb                check_esp
 .bss.huart1    0x00000000200002fc       0x44 ./Core/Src/usart.o
                0x00000000200002fc                huart1
 .bss.huart2    0x0000000020000340       0x44 ./Core/Src/usart.o
                0x0000000020000340                huart2
 .bss.huart3    0x0000000020000384       0x44 ./Core/Src/usart.o
                0x0000000020000384                huart3
 .bss.uwTick    0x00000000200003c8        0x4 ./Drivers/STM32F4xx_HAL_Driver/Src/stm32f4xx_hal.o
                0x00000000200003c8                uwTick
 *(COMMON)
                0x00000000200003cc                . = ALIGN (0x4)
                0x00000000200003cc                _ebss = .
                0x00000000200003cc                __bss_end__ = _ebss

._user_heap_stack
                0x00000000200003cc      0x604
                0x00000000200003d0                . = ALIGN (0x8)
 *fill*         0x00000000200003cc        0x4 
                [!provide]                        PROVIDE (end = .)
                0x00000000200003d0                PROVIDE (_end = .)
                0x00000000200005d0                . = (. + _Min_Heap_Size)
 *fill*         0x00000000200003d0      0x200 
                0x00000000200009d0                . = (. + _Min_Stack_Size)
 *fill*         0x00000000200005d0      0x400 
                0x00000000200009d0                . = ALIGN (0x8)

/DISCARD/
 libc.a(*)
 libm.a(*)
 libgcc.a(*)

.ARM.attributes
                0x0000000000000000       0x30
 *(.ARM.attributes)
 .ARM.attributes
                0x0000000000000000       0x1e E:/software/stm3214/STM32CubeIDE_1.14.1/STM32CubeIDE/plugins/com.st.stm32cube.ide.mcu.externaltools.gnu-tools-for-stm32.11.3.rel1.win32_1.1.100.202309141235/tools/bin/../lib/gcc/arm-none-eabi/11.3.1/thumb/v7e-m+fp/hard/crti.o
 .ARM.attributes
                0x000000000000001e       0x34 E:/software/stm3214/STM32CubeIDE_1.14.1/STM32CubeIDE/plugins/com.st.stm32cube.ide.mcu.externaltools.gnu-tools-for-stm32.11.3.rel1.win32_1.1.100.202309141235/tools/bin/../lib/gcc/arm-none-eabi/11.3.1/thumb/v7e-m+fp/hard/crtbegin.o
 .ARM.attributes
                0x0000000000000052       0x34 ./Core/Src/adc.o
 .ARM.attributes
                0x0000000000000086       0x34 ./Core/Src/button.o
 .ARM.attributes
                0x00000000000000ba       0x34 ./Core/Src/dma.o
 .ARM.attributes
                0x00000000000000ee       0x34 ./Core/Src/fsmc.o
 .ARM.attributes
                0x0000000000000122       0x34 ./Core/Src/gpio.o
 .ARM.attributes
                0x0000000000000156       0x34 ./Core/Src/i2c.o
 .ARM.attributes
                0x000000000000018a       0x34 ./Core/Src/lcd.o
 .ARM.attributes
                0x00000000000001be       0x34 ./Core/Src/led_7seg.o
 .ARM.attributes
                0x00000000000001f2       0x34 ./Core/Src/light_control.o
 .ARM.attributes
                0x0000000000000226       0x34 ./Core/Src/main.o
 .ARM.attributes
                0x000000000000025a       0x34 ./Core/Src/software_timer.o
 .ARM.attributes
                0x000000000000028e       0x34 ./Core/Src/spi.o
 .ARM.attributes
                0x00000000000002c2       0x34 ./Core/Src/stm32f4xx_hal_msp.o
 .ARM.attributes
                0x00000000000002f6       0x34 ./Core/Src/stm32f4xx_it.o
 .ARM.attributes
                0x000000000000032a       0x34 ./Core/Src/system_stm32f4xx.o
 .ARM.attributes
                0x000000000000035e       0x34 ./Core/Src/tim.o
 .ARM.attributes
                0x0000000000000392       0x34 ./Core/Src/uart.o
 .ARM.attributes
                0x00000000000003c6       0x34 ./Core/Src/usart.o
 .ARM.attributes
                0x00000000000003fa       0x21 ./Core/Startup/startup_stm32f407zetx.o
 .ARM.attributes
                0x000000000000041b       0x34 ./Drivers/STM32F4xx_HAL_Driver/Src/stm32f4xx_hal.o
 .ARM.attributes
                0x000000000000044f       0x34 ./Drivers/STM32F4xx_HAL_Driver/Src/stm32f4xx_hal_adc.o
 .ARM.attributes
                0x0000000000000483       0x34 ./Drivers/STM32F4xx_HAL_Driver/Src/stm32f4xx_hal_cortex.o
 .ARM.attributes
                0x00000000000004b7       0x34 ./Drivers/STM32F4xx_HAL_Driver/Src/stm32f4xx_hal_dma.o
 .ARM.attributes
                0x00000000000004eb       0x34 ./Drivers/STM32F4xx_HAL_Driver/Src/stm32f4xx_hal_gpio.o
 .ARM.attributes
                0x000000000000051f       0x34 ./Drivers/STM32F4xx_HAL_Driver/Src/stm32f4xx_hal_i2c.o
 .ARM.attributes
                0x0000000000000553       0x34 ./Drivers/STM32F4xx_HAL_Driver/Src/stm32f4xx_hal_rcc.o
 .ARM.attributes
                0x0000000000000587       0x34 ./Drivers/STM32F4xx_HAL_Driver/Src/stm32f4xx_hal_spi.o
 .ARM.attributes
                0x00000000000005bb       0x34 ./Drivers/STM32F4xx_HAL_Driver/Src/stm32f4xx_hal_sram.o
 .ARM.attributes
                0x00000000000005ef       0x34 ./Drivers/STM32F4xx_HAL_Driver/Src/stm32f4xx_hal_tim.o
 .ARM.attributes
                0x0000000000000623       0x34 ./Drivers/STM32F4xx_HAL_Driver/Src/stm32f4xx_hal_tim_ex.o
 .ARM.attributes
                0x0000000000000657       0x34 ./Drivers/STM32F4xx_HAL_Driver/Src/stm32f4xx_hal_uart.o
 .ARM.attributes
                0x000000000000068b       0x34 ./Drivers/STM32F4xx_HAL_Driver/Src/stm32f4xx_ll_fsmc.o
 .ARM.attributes
                0x00000000000006bf       0x34 E:/software/stm3214/STM32CubeIDE_1.14.1/STM32CubeIDE/plugins/com.st.stm32cube.ide.mcu.externaltools.gnu-tools-for-stm32.11.3.rel1.win32_1.1.100.202309141235/tools/bin/../lib/gcc/arm-none-eabi/11.3.1/../../../../arm-none-eabi/lib/thumb/v7e-m+fp/hard\libc_nano.a(libc_a-memset.o)
 .ARM.attributes
                0x00000000000006f3       0x34 E:/software/stm3214/STM32CubeIDE_1.14.1/STM32CubeIDE/plugins/com.st.stm32cube.ide.mcu.externaltools.gnu-tools-for-stm32.11.3.rel1.win32_1.1.100.202309141235/tools/bin/../lib/gcc/arm-none-eabi/11.3.1/../../../../arm-none-eabi/lib/thumb/v7e-m+fp/hard\libc_nano.a(libc_a-init.o)
 .ARM.attributes
                0x0000000000000727       0x1e E:/software/stm3214/STM32CubeIDE_1.14.1/STM32CubeIDE/plugins/com.st.stm32cube.ide.mcu.externaltools.gnu-tools-for-stm32.11.3.rel1.win32_1.1.100.202309141235/tools/bin/../lib/gcc/arm-none-eabi/11.3.1/thumb/v7e-m+fp/hard\libgcc.a(_aeabi_uldivmod.o)
 .ARM.attributes
                0x0000000000000745       0x34 E:/software/stm3214/STM32CubeIDE_1.14.1/STM32CubeIDE/plugins/com.st.stm32cube.ide.mcu.externaltools.gnu-tools-for-stm32.11.3.rel1.win32_1.1.100.202309141235/tools/bin/../lib/gcc/arm-none-eabi/11.3.1/thumb/v7e-m+fp/hard\libgcc.a(_udivmoddi4.o)
 .ARM.attributes
                0x0000000000000779       0x1e E:/software/stm3214/STM32CubeIDE_1.14.1/STM32CubeIDE/plugins/com.st.stm32cube.ide.mcu.externaltools.gnu-tools-for-stm32.11.3.rel1.win32_1.1.100.202309141235/tools/bin/../lib/gcc/arm-none-eabi/11.3.1/thumb/v7e-m+fp/hard\libgcc.a(_dvmd_tls.o)
 .ARM.attributes
                0x0000000000000797       0x1e E:/software/stm3214/STM32CubeIDE_1.14.1/STM32CubeIDE/plugins/com.st.stm32cube.ide.mcu.externaltools.gnu-tools-for-stm32.11.3.rel1.win32_1.1.100.202309141235/tools/bin/../lib/gcc/arm-none-eabi/11.3.1/thumb/v7e-m+fp/hard/crtn.o
OUTPUT(Data_KNX.elf elf32-littlearm)
LOAD linker stubs
LOAD E:/software/stm3214/STM32CubeIDE_1.14.1/STM32CubeIDE/plugins/com.st.stm32cube.ide.mcu.externaltools.gnu-tools-for-stm32.11.3.rel1.win32_1.1.100.202309141235/tools/bin/../lib/gcc/arm-none-eabi/11.3.1/../../../../arm-none-eabi/lib/thumb/v7e-m+fp/hard\libc.a
LOAD E:/software/stm3214/STM32CubeIDE_1.14.1/STM32CubeIDE/plugins/com.st.stm32cube.ide.mcu.externaltools.gnu-tools-for-stm32.11.3.rel1.win32_1.1.100.202309141235/tools/bin/../lib/gcc/arm-none-eabi/11.3.1/../../../../arm-none-eabi/lib/thumb/v7e-m+fp/hard\libm.a
LOAD E:/software/stm3214/STM32CubeIDE_1.14.1/STM32CubeIDE/plugins/com.st.stm32cube.ide.mcu.externaltools.gnu-tools-for-stm32.11.3.rel1.win32_1.1.100.202309141235/tools/bin/../lib/gcc/arm-none-eabi/11.3.1/thumb/v7e-m+fp/hard\libgcc.a

.comment        0x0000000000000000       0x43
 .comment       0x0000000000000000       0x43 E:/software/stm3214/STM32CubeIDE_1.14.1/STM32CubeIDE/plugins/com.st.stm32cube.ide.mcu.externaltools.gnu-tools-for-stm32.11.3.rel1.win32_1.1.100.202309141235/tools/bin/../lib/gcc/arm-none-eabi/11.3.1/thumb/v7e-m+fp/hard/crtbegin.o
                                         0x44 (size before relaxing)
 .comment       0x0000000000000043       0x44 ./Core/Src/adc.o
 .comment       0x0000000000000043       0x44 ./Core/Src/button.o
 .comment       0x0000000000000043       0x44 ./Core/Src/dma.o
 .comment       0x0000000000000043       0x44 ./Core/Src/fsmc.o
 .comment       0x0000000000000043       0x44 ./Core/Src/gpio.o
 .comment       0x0000000000000043       0x44 ./Core/Src/i2c.o
 .comment       0x0000000000000043       0x44 ./Core/Src/lcd.o
 .comment       0x0000000000000043       0x44 ./Core/Src/led_7seg.o
 .comment       0x0000000000000043       0x44 ./Core/Src/light_control.o
 .comment       0x0000000000000043       0x44 ./Core/Src/main.o
 .comment       0x0000000000000043       0x44 ./Core/Src/software_timer.o
 .comment       0x0000000000000043       0x44 ./Core/Src/spi.o
 .comment       0x0000000000000043       0x44 ./Core/Src/stm32f4xx_hal_msp.o
 .comment       0x0000000000000043       0x44 ./Core/Src/stm32f4xx_it.o
 .comment       0x0000000000000043       0x44 ./Core/Src/system_stm32f4xx.o
 .comment       0x0000000000000043       0x44 ./Core/Src/tim.o
 .comment       0x0000000000000043       0x44 ./Core/Src/uart.o
 .comment       0x0000000000000043       0x44 ./Core/Src/usart.o
 .comment       0x0000000000000043       0x44 ./Drivers/STM32F4xx_HAL_Driver/Src/stm32f4xx_hal.o
 .comment       0x0000000000000043       0x44 ./Drivers/STM32F4xx_HAL_Driver/Src/stm32f4xx_hal_adc.o
 .comment       0x0000000000000043       0x44 ./Drivers/STM32F4xx_HAL_Driver/Src/stm32f4xx_hal_cortex.o
 .comment       0x0000000000000043       0x44 ./Drivers/STM32F4xx_HAL_Driver/Src/stm32f4xx_hal_dma.o
 .comment       0x0000000000000043       0x44 ./Drivers/STM32F4xx_HAL_Driver/Src/stm32f4xx_hal_gpio.o
 .comment       0x0000000000000043       0x44 ./Drivers/STM32F4xx_HAL_Driver/Src/stm32f4xx_hal_i2c.o
 .comment       0x0000000000000043       0x44 ./Drivers/STM32F4xx_HAL_Driver/Src/stm32f4xx_hal_rcc.o
 .comment       0x0000000000000043       0x44 ./Drivers/STM32F4xx_HAL_Driver/Src/stm32f4xx_hal_spi.o
 .comment       0x0000000000000043       0x44 ./Drivers/STM32F4xx_HAL_Driver/Src/stm32f4xx_hal_sram.o
 .comment       0x0000000000000043       0x44 ./Drivers/STM32F4xx_HAL_Driver/Src/stm32f4xx_hal_tim.o
 .comment       0x0000000000000043       0x44 ./Drivers/STM32F4xx_HAL_Driver/Src/stm32f4xx_hal_tim_ex.o
 .comment       0x0000000000000043       0x44 ./Drivers/STM32F4xx_HAL_Driver/Src/stm32f4xx_hal_uart.o
 .comment       0x0000000000000043       0x44 ./Drivers/STM32F4xx_HAL_Driver/Src/stm32f4xx_ll_fsmc.o

.debug_info     0x0000000000000000    0x18c6a
 .debug_info    0x0000000000000000      0x9f1 ./Core/Src/adc.o
 .debug_info    0x00000000000009f1      0x76e ./Core/Src/button.o
 .debug_info    0x000000000000115f      0x4ad ./Core/Src/dma.o
 .debug_info    0x000000000000160c      0x99a ./Core/Src/fsmc.o
 .debug_info    0x0000000000001fa6      0x479 ./Core/Src/gpio.o
 .debug_info    0x000000000000241f      0x968 ./Core/Src/i2c.o
 .debug_info    0x0000000000002d87      0xd9a ./Core/Src/lcd.o
 .debug_info    0x0000000000003b21      0x803 ./Core/Src/led_7seg.o
 .debug_info    0x0000000000004324      0x280 ./Core/Src/light_control.o
 .debug_info    0x00000000000045a4      0x6b2 ./Core/Src/main.o
 .debug_info    0x0000000000004c56      0x777 ./Core/Src/software_timer.o
 .debug_info    0x00000000000053cd      0x943 ./Core/Src/spi.o
 .debug_info    0x0000000000005d10      0x269 ./Core/Src/stm32f4xx_hal_msp.o
 .debug_info    0x0000000000005f79      0x9cc ./Core/Src/stm32f4xx_it.o
 .debug_info    0x0000000000006945      0x512 ./Core/Src/system_stm32f4xx.o
 .debug_info    0x0000000000006e57      0xeeb ./Core/Src/tim.o
 .debug_info    0x0000000000007d42      0xb14 ./Core/Src/uart.o
 .debug_info    0x0000000000008856      0xc1b ./Core/Src/usart.o
 .debug_info    0x0000000000009471       0x23 ./Core/Startup/startup_stm32f407zetx.o
 .debug_info    0x0000000000009494      0x948 ./Drivers/STM32F4xx_HAL_Driver/Src/stm32f4xx_hal.o
 .debug_info    0x0000000000009ddc      0xcb6 ./Drivers/STM32F4xx_HAL_Driver/Src/stm32f4xx_hal_adc.o
 .debug_info    0x000000000000aa92      0xd46 ./Drivers/STM32F4xx_HAL_Driver/Src/stm32f4xx_hal_cortex.o
 .debug_info    0x000000000000b7d8      0x8e7 ./Drivers/STM32F4xx_HAL_Driver/Src/stm32f4xx_hal_dma.o
 .debug_info    0x000000000000c0bf      0x6c3 ./Drivers/STM32F4xx_HAL_Driver/Src/stm32f4xx_hal_gpio.o
 .debug_info    0x000000000000c782     0x23e1 ./Drivers/STM32F4xx_HAL_Driver/Src/stm32f4xx_hal_i2c.o
 .debug_info    0x000000000000eb63      0x8b1 ./Drivers/STM32F4xx_HAL_Driver/Src/stm32f4xx_hal_rcc.o
 .debug_info    0x000000000000f414     0x15fb ./Drivers/STM32F4xx_HAL_Driver/Src/stm32f4xx_hal_spi.o
 .debug_info    0x0000000000010a0f      0xb3e ./Drivers/STM32F4xx_HAL_Driver/Src/stm32f4xx_hal_sram.o
 .debug_info    0x000000000001154d     0x2949 ./Drivers/STM32F4xx_HAL_Driver/Src/stm32f4xx_hal_tim.o
 .debug_info    0x0000000000013e96     0x14ae ./Drivers/STM32F4xx_HAL_Driver/Src/stm32f4xx_hal_tim_ex.o
 .debug_info    0x0000000000015344     0x2f9a ./Drivers/STM32F4xx_HAL_Driver/Src/stm32f4xx_hal_uart.o
 .debug_info    0x00000000000182de      0x98c ./Drivers/STM32F4xx_HAL_Driver/Src/stm32f4xx_ll_fsmc.o

.debug_abbrev   0x0000000000000000     0x4084
 .debug_abbrev  0x0000000000000000      0x205 ./Core/Src/adc.o
 .debug_abbrev  0x0000000000000205      0x1dd ./Core/Src/button.o
 .debug_abbrev  0x00000000000003e2      0x10e ./Core/Src/dma.o
 .debug_abbrev  0x00000000000004f0      0x215 ./Core/Src/fsmc.o
 .debug_abbrev  0x0000000000000705      0x152 ./Core/Src/gpio.o
 .debug_abbrev  0x0000000000000857      0x1f1 ./Core/Src/i2c.o
 .debug_abbrev  0x0000000000000a48      0x341 ./Core/Src/lcd.o
 .debug_abbrev  0x0000000000000d89      0x1cc ./Core/Src/led_7seg.o
 .debug_abbrev  0x0000000000000f55      0x161 ./Core/Src/light_control.o
 .debug_abbrev  0x00000000000010b6      0x247 ./Core/Src/main.o
 .debug_abbrev  0x00000000000012fd      0x1fd ./Core/Src/software_timer.o
 .debug_abbrev  0x00000000000014fa      0x1f3 ./Core/Src/spi.o
 .debug_abbrev  0x00000000000016ed       0xd8 ./Core/Src/stm32f4xx_hal_msp.o
 .debug_abbrev  0x00000000000017c5      0x1ad ./Core/Src/stm32f4xx_it.o
 .debug_abbrev  0x0000000000001972      0x11a ./Core/Src/system_stm32f4xx.o
 .debug_abbrev  0x0000000000001a8c      0x225 ./Core/Src/tim.o
 .debug_abbrev  0x0000000000001cb1      0x25b ./Core/Src/uart.o
 .debug_abbrev  0x0000000000001f0c      0x217 ./Core/Src/usart.o
 .debug_abbrev  0x0000000000002123       0x12 ./Core/Startup/startup_stm32f407zetx.o
 .debug_abbrev  0x0000000000002135      0x213 ./Drivers/STM32F4xx_HAL_Driver/Src/stm32f4xx_hal.o
 .debug_abbrev  0x0000000000002348      0x252 ./Drivers/STM32F4xx_HAL_Driver/Src/stm32f4xx_hal_adc.o
 .debug_abbrev  0x000000000000259a      0x327 ./Drivers/STM32F4xx_HAL_Driver/Src/stm32f4xx_hal_cortex.o
 .debug_abbrev  0x00000000000028c1      0x264 ./Drivers/STM32F4xx_HAL_Driver/Src/stm32f4xx_hal_dma.o
 .debug_abbrev  0x0000000000002b25      0x1d4 ./Drivers/STM32F4xx_HAL_Driver/Src/stm32f4xx_hal_gpio.o
 .debug_abbrev  0x0000000000002cf9      0x2ad ./Drivers/STM32F4xx_HAL_Driver/Src/stm32f4xx_hal_i2c.o
 .debug_abbrev  0x0000000000002fa6      0x2b6 ./Drivers/STM32F4xx_HAL_Driver/Src/stm32f4xx_hal_rcc.o
 .debug_abbrev  0x000000000000325c      0x284 ./Drivers/STM32F4xx_HAL_Driver/Src/stm32f4xx_hal_spi.o
 .debug_abbrev  0x00000000000034e0      0x208 ./Drivers/STM32F4xx_HAL_Driver/Src/stm32f4xx_hal_sram.o
 .debug_abbrev  0x00000000000036e8      0x271 ./Drivers/STM32F4xx_HAL_Driver/Src/stm32f4xx_hal_tim.o
 .debug_abbrev  0x0000000000003959      0x27c ./Drivers/STM32F4xx_HAL_Driver/Src/stm32f4xx_hal_tim_ex.o
 .debug_abbrev  0x0000000000003bd5      0x307 ./Drivers/STM32F4xx_HAL_Driver/Src/stm32f4xx_hal_uart.o
 .debug_abbrev  0x0000000000003edc      0x1a8 ./Drivers/STM32F4xx_HAL_Driver/Src/stm32f4xx_ll_fsmc.o

.debug_aranges  0x0000000000000000     0x1690
 .debug_aranges
                0x0000000000000000       0x30 ./Core/Src/adc.o
 .debug_aranges
                0x0000000000000030       0x28 ./Core/Src/button.o
 .debug_aranges
                0x0000000000000058       0x20 ./Core/Src/dma.o
 .debug_aranges
                0x0000000000000078       0x40 ./Core/Src/fsmc.o
 .debug_aranges
                0x00000000000000b8       0x20 ./Core/Src/gpio.o
 .debug_aranges
                0x00000000000000d8       0x30 ./Core/Src/i2c.o
 .debug_aranges
                0x0000000000000108       0xd8 ./Core/Src/lcd.o
 .debug_aranges
                0x00000000000001e0       0x48 ./Core/Src/led_7seg.o
 .debug_aranges
                0x0000000000000228       0x28 ./Core/Src/light_control.o
 .debug_aranges
                0x0000000000000250       0x40 ./Core/Src/main.o
 .debug_aranges
                0x0000000000000290       0x40 ./Core/Src/software_timer.o
 .debug_aranges
                0x00000000000002d0       0x30 ./Core/Src/spi.o
 .debug_aranges
                0x0000000000000300       0x20 ./Core/Src/stm32f4xx_hal_msp.o
 .debug_aranges
                0x0000000000000320       0x88 ./Core/Src/stm32f4xx_it.o
 .debug_aranges
                0x00000000000003a8       0x28 ./Core/Src/system_stm32f4xx.o
 .debug_aranges
                0x00000000000003d0       0x48 ./Core/Src/tim.o
 .debug_aranges
                0x0000000000000418       0xc0 ./Core/Src/uart.o
 .debug_aranges
                0x00000000000004d8       0x40 ./Core/Src/usart.o
 .debug_aranges
                0x0000000000000518       0x28 ./Core/Startup/startup_stm32f407zetx.o
 .debug_aranges
                0x0000000000000540       0xf0 ./Drivers/STM32F4xx_HAL_Driver/Src/stm32f4xx_hal.o
 .debug_aranges
                0x0000000000000630       0xe8 ./Drivers/STM32F4xx_HAL_Driver/Src/stm32f4xx_hal_adc.o
 .debug_aranges
                0x0000000000000718      0x118 ./Drivers/STM32F4xx_HAL_Driver/Src/stm32f4xx_hal_cortex.o
 .debug_aranges
                0x0000000000000830       0x90 ./Drivers/STM32F4xx_HAL_Driver/Src/stm32f4xx_hal_dma.o
 .debug_aranges
                0x00000000000008c0       0x58 ./Drivers/STM32F4xx_HAL_Driver/Src/stm32f4xx_hal_gpio.o
 .debug_aranges
                0x0000000000000918      0x2a0 ./Drivers/STM32F4xx_HAL_Driver/Src/stm32f4xx_hal_i2c.o
 .debug_aranges
                0x0000000000000bb8       0x88 ./Drivers/STM32F4xx_HAL_Driver/Src/stm32f4xx_hal_rcc.o
 .debug_aranges
                0x0000000000000c40      0x1d0 ./Drivers/STM32F4xx_HAL_Driver/Src/stm32f4xx_hal_spi.o
 .debug_aranges
                0x0000000000000e10       0xa0 ./Drivers/STM32F4xx_HAL_Driver/Src/stm32f4xx_hal_sram.o
 .debug_aranges
                0x0000000000000eb0      0x3d0 ./Drivers/STM32F4xx_HAL_Driver/Src/stm32f4xx_hal_tim.o
 .debug_aranges
                0x0000000000001280      0x168 ./Drivers/STM32F4xx_HAL_Driver/Src/stm32f4xx_hal_tim_ex.o
 .debug_aranges
                0x00000000000013e8      0x200 ./Drivers/STM32F4xx_HAL_Driver/Src/stm32f4xx_hal_uart.o
 .debug_aranges
                0x00000000000015e8       0xa8 ./Drivers/STM32F4xx_HAL_Driver/Src/stm32f4xx_ll_fsmc.o

.debug_rnglists
                0x0000000000000000     0x1199
 .debug_rnglists
                0x0000000000000000       0x21 ./Core/Src/adc.o
 .debug_rnglists
                0x0000000000000021       0x1a ./Core/Src/button.o
 .debug_rnglists
                0x000000000000003b       0x13 ./Core/Src/dma.o
 .debug_rnglists
                0x000000000000004e       0x2d ./Core/Src/fsmc.o
 .debug_rnglists
                0x000000000000007b       0x14 ./Core/Src/gpio.o
 .debug_rnglists
                0x000000000000008f       0x20 ./Core/Src/i2c.o
 .debug_rnglists
                0x00000000000000af       0xa8 ./Core/Src/lcd.o
 .debug_rnglists
                0x0000000000000157       0x32 ./Core/Src/led_7seg.o
 .debug_rnglists
                0x0000000000000189       0x25 ./Core/Src/light_control.o
 .debug_rnglists
                0x00000000000001ae       0x2c ./Core/Src/main.o
 .debug_rnglists
                0x00000000000001da       0x2b ./Core/Src/software_timer.o
 .debug_rnglists
                0x0000000000000205       0x20 ./Core/Src/spi.o
 .debug_rnglists
                0x0000000000000225       0x13 ./Core/Src/stm32f4xx_hal_msp.o
 .debug_rnglists
                0x0000000000000238       0x61 ./Core/Src/stm32f4xx_it.o
 .debug_rnglists
                0x0000000000000299       0x1a ./Core/Src/system_stm32f4xx.o
 .debug_rnglists
                0x00000000000002b3       0x35 ./Core/Src/tim.o
 .debug_rnglists
                0x00000000000002e8       0x8d ./Core/Src/uart.o
 .debug_rnglists
                0x0000000000000375       0x2d ./Core/Src/usart.o
 .debug_rnglists
                0x00000000000003a2       0x19 ./Core/Startup/startup_stm32f407zetx.o
 .debug_rnglists
                0x00000000000003bb       0xaf ./Drivers/STM32F4xx_HAL_Driver/Src/stm32f4xx_hal.o
 .debug_rnglists
                0x000000000000046a       0xb5 ./Drivers/STM32F4xx_HAL_Driver/Src/stm32f4xx_hal_adc.o
 .debug_rnglists
                0x000000000000051f       0xce ./Drivers/STM32F4xx_HAL_Driver/Src/stm32f4xx_hal_cortex.o
 .debug_rnglists
                0x00000000000005ed       0x70 ./Drivers/STM32F4xx_HAL_Driver/Src/stm32f4xx_hal_dma.o
 .debug_rnglists
                0x000000000000065d       0x3f ./Drivers/STM32F4xx_HAL_Driver/Src/stm32f4xx_hal_gpio.o
 .debug_rnglists
                0x000000000000069c      0x23f ./Drivers/STM32F4xx_HAL_Driver/Src/stm32f4xx_hal_i2c.o
 .debug_rnglists
                0x00000000000008db       0x66 ./Drivers/STM32F4xx_HAL_Driver/Src/stm32f4xx_hal_rcc.o
 .debug_rnglists
                0x0000000000000941      0x16f ./Drivers/STM32F4xx_HAL_Driver/Src/stm32f4xx_hal_spi.o
 .debug_rnglists
                0x0000000000000ab0       0x76 ./Drivers/STM32F4xx_HAL_Driver/Src/stm32f4xx_hal_sram.o
 .debug_rnglists
                0x0000000000000b26      0x31a ./Drivers/STM32F4xx_HAL_Driver/Src/stm32f4xx_hal_tim.o
 .debug_rnglists
                0x0000000000000e40      0x125 ./Drivers/STM32F4xx_HAL_Driver/Src/stm32f4xx_hal_tim_ex.o
 .debug_rnglists
                0x0000000000000f65      0x1b7 ./Drivers/STM32F4xx_HAL_Driver/Src/stm32f4xx_hal_uart.o
 .debug_rnglists
                0x000000000000111c       0x7d ./Drivers/STM32F4xx_HAL_Driver/Src/stm32f4xx_ll_fsmc.o

.debug_macro    0x0000000000000000    0x25f9d
 .debug_macro   0x0000000000000000      0x24e ./Core/Src/adc.o
 .debug_macro   0x000000000000024e      0xaa8 ./Core/Src/adc.o
 .debug_macro   0x0000000000000cf6      0x2b3 ./Core/Src/adc.o
 .debug_macro   0x0000000000000fa9       0x2e ./Core/Src/adc.o
 .debug_macro   0x0000000000000fd7       0x2f ./Core/Src/adc.o
 .debug_macro   0x0000000000001006       0x22 ./Core/Src/adc.o
 .debug_macro   0x0000000000001028       0x8e ./Core/Src/adc.o
 .debug_macro   0x00000000000010b6       0x51 ./Core/Src/adc.o
 .debug_macro   0x0000000000001107      0x103 ./Core/Src/adc.o
 .debug_macro   0x000000000000120a       0x6a ./Core/Src/adc.o
 .debug_macro   0x0000000000001274      0x1df ./Core/Src/adc.o
 .debug_macro   0x0000000000001453       0x1c ./Core/Src/adc.o
 .debug_macro   0x000000000000146f       0x22 ./Core/Src/adc.o
 .debug_macro   0x0000000000001491       0xd9 ./Core/Src/adc.o
 .debug_macro   0x000000000000156a     0x102d ./Core/Src/adc.o
 .debug_macro   0x0000000000002597      0x11f ./Core/Src/adc.o
 .debug_macro   0x00000000000026b6    0x15e58 ./Core/Src/adc.o
 .debug_macro   0x000000000001850e       0x6d ./Core/Src/adc.o
 .debug_macro   0x000000000001857b     0x3666 ./Core/Src/adc.o
 .debug_macro   0x000000000001bbe1      0x174 ./Core/Src/adc.o
 .debug_macro   0x000000000001bd55       0x5c ./Core/Src/adc.o
 .debug_macro   0x000000000001bdb1      0x96b ./Core/Src/adc.o
 .debug_macro   0x000000000001c71c      0x9fe ./Core/Src/adc.o
 .debug_macro   0x000000000001d11a      0x116 ./Core/Src/adc.o
 .debug_macro   0x000000000001d230      0x13e ./Core/Src/adc.o
 .debug_macro   0x000000000001d36e       0xa5 ./Core/Src/adc.o
 .debug_macro   0x000000000001d413      0x174 ./Core/Src/adc.o
 .debug_macro   0x000000000001d587      0x287 ./Core/Src/adc.o
 .debug_macro   0x000000000001d80e       0x5f ./Core/Src/adc.o
 .debug_macro   0x000000000001d86d      0x236 ./Core/Src/adc.o
 .debug_macro   0x000000000001daa3      0xb5b ./Core/Src/adc.o
 .debug_macro   0x000000000001e5fe      0x38b ./Core/Src/adc.o
 .debug_macro   0x000000000001e989      0x176 ./Core/Src/adc.o
 .debug_macro   0x000000000001eaff       0xf9 ./Core/Src/adc.o
 .debug_macro   0x000000000001ebf8      0x12c ./Core/Src/adc.o
 .debug_macro   0x000000000001ed24      0x21e ./Core/Src/adc.o
 .debug_macro   0x000000000001ef42       0x2e ./Core/Src/adc.o
 .debug_macro   0x000000000001ef70      0x543 ./Core/Src/adc.o
 .debug_macro   0x000000000001f4b3      0x1b5 ./Core/Src/adc.o
 .debug_macro   0x000000000001f668       0xd6 ./Core/Src/adc.o
 .debug_macro   0x000000000001f73e      0x11a ./Core/Src/adc.o
 .debug_macro   0x000000000001f858       0x7e ./Core/Src/adc.o
 .debug_macro   0x000000000001f8d6       0x89 ./Core/Src/adc.o
 .debug_macro   0x000000000001f95f      0x225 ./Core/Src/adc.o
 .debug_macro   0x000000000001fb84      0x8d1 ./Core/Src/adc.o
 .debug_macro   0x0000000000020455       0x47 ./Core/Src/adc.o
 .debug_macro   0x000000000002049c      0x295 ./Core/Src/adc.o
 .debug_macro   0x0000000000020731      0x12d ./Core/Src/adc.o
 .debug_macro   0x000000000002085e       0xe8 ./Core/Src/adc.o
 .debug_macro   0x0000000000020946      0x262 ./Core/Src/button.o
 .debug_macro   0x0000000000020ba8      0x24e ./Core/Src/dma.o
 .debug_macro   0x0000000000020df6      0x24e ./Core/Src/fsmc.o
 .debug_macro   0x0000000000021044      0x24e ./Core/Src/gpio.o
 .debug_macro   0x0000000000021292      0x24e ./Core/Src/i2c.o
 .debug_macro   0x00000000000214e0      0x36d ./Core/Src/lcd.o
 .debug_macro   0x000000000002184d       0x2a ./Core/Src/lcd.o
 .debug_macro   0x0000000000021877       0x61 ./Core/Src/lcd.o
 .debug_macro   0x00000000000218d8       0x43 ./Core/Src/lcd.o
 .debug_macro   0x000000000002191b       0x34 ./Core/Src/lcd.o
 .debug_macro   0x000000000002194f       0x16 ./Core/Src/lcd.o
 .debug_macro   0x0000000000021965       0x35 ./Core/Src/lcd.o
 .debug_macro   0x000000000002199a       0x16 ./Core/Src/lcd.o
 .debug_macro   0x00000000000219b0       0x43 ./Core/Src/lcd.o
 .debug_macro   0x00000000000219f3       0x34 ./Core/Src/lcd.o
 .debug_macro   0x0000000000021a27       0x10 ./Core/Src/lcd.o
 .debug_macro   0x0000000000021a37       0x58 ./Core/Src/lcd.o
 .debug_macro   0x0000000000021a8f       0x8e ./Core/Src/lcd.o
 .debug_macro   0x0000000000021b1d       0x1c ./Core/Src/lcd.o
 .debug_macro   0x0000000000021b39      0x177 ./Core/Src/lcd.o
 .debug_macro   0x0000000000021cb0      0x369 ./Core/Src/lcd.o
 .debug_macro   0x0000000000022019       0x16 ./Core/Src/lcd.o
 .debug_macro   0x000000000002202f       0x29 ./Core/Src/lcd.o
 .debug_macro   0x0000000000022058       0x16 ./Core/Src/lcd.o
 .debug_macro   0x000000000002206e       0x20 ./Core/Src/lcd.o
 .debug_macro   0x000000000002208e       0xca ./Core/Src/lcd.o
 .debug_macro   0x0000000000022158      0x258 ./Core/Src/led_7seg.o
 .debug_macro   0x00000000000223b0      0x3e3 ./Core/Src/light_control.o
 .debug_macro   0x0000000000022793       0x16 ./Core/Src/light_control.o
 .debug_macro   0x00000000000227a9       0x10 ./Core/Src/light_control.o
 .debug_macro   0x00000000000227b9       0x16 ./Core/Src/light_control.o
 .debug_macro   0x00000000000227cf       0x16 ./Core/Src/light_control.o
 .debug_macro   0x00000000000227e5      0x147 ./Core/Src/light_control.o
 .debug_macro   0x000000000002292c      0x483 ./Core/Src/main.o
 .debug_macro   0x0000000000022daf       0x1c ./Core/Src/main.o
 .debug_macro   0x0000000000022dcb       0x1c ./Core/Src/main.o
 .debug_macro   0x0000000000022de7       0x16 ./Core/Src/main.o
 .debug_macro   0x0000000000022dfd      0x272 ./Core/Src/software_timer.o
 .debug_macro   0x000000000002306f      0x24e ./Core/Src/spi.o
 .debug_macro   0x00000000000232bd      0x244 ./Core/Src/stm32f4xx_hal_msp.o
 .debug_macro   0x0000000000023501      0x24e ./Core/Src/stm32f4xx_it.o
 .debug_macro   0x000000000002374f      0x235 ./Core/Src/system_stm32f4xx.o
 .debug_macro   0x0000000000023984      0x24e ./Core/Src/tim.o
 .debug_macro   0x0000000000023bd2      0x3e3 ./Core/Src/uart.o
 .debug_macro   0x0000000000023fb5      0x24e ./Core/Src/usart.o
 .debug_macro   0x0000000000024203      0x295 ./Drivers/STM32F4xx_HAL_Driver/Src/stm32f4xx_hal.o
 .debug_macro   0x0000000000024498      0x236 ./Drivers/STM32F4xx_HAL_Driver/Src/stm32f4xx_hal_adc.o
 .debug_macro   0x00000000000246ce      0x235 ./Drivers/STM32F4xx_HAL_Driver/Src/stm32f4xx_hal_cortex.o
 .debug_macro   0x0000000000024903      0x23b ./Drivers/STM32F4xx_HAL_Driver/Src/stm32f4xx_hal_dma.o
 .debug_macro   0x0000000000024b3e      0x23b ./Drivers/STM32F4xx_HAL_Driver/Src/stm32f4xx_hal_gpio.o
 .debug_macro   0x0000000000024d79      0x27c ./Drivers/STM32F4xx_HAL_Driver/Src/stm32f4xx_hal_i2c.o
 .debug_macro   0x0000000000024ff5      0x259 ./Drivers/STM32F4xx_HAL_Driver/Src/stm32f4xx_hal_rcc.o
 .debug_macro   0x000000000002524e      0x244 ./Drivers/STM32F4xx_HAL_Driver/Src/stm32f4xx_hal_spi.o
 .debug_macro   0x0000000000025492      0x235 ./Drivers/STM32F4xx_HAL_Driver/Src/stm32f4xx_hal_sram.o
 .debug_macro   0x00000000000256c7      0x236 ./Drivers/STM32F4xx_HAL_Driver/Src/stm32f4xx_hal_tim.o
 .debug_macro   0x00000000000258fd      0x235 ./Drivers/STM32F4xx_HAL_Driver/Src/stm32f4xx_hal_tim_ex.o
 .debug_macro   0x0000000000025b32      0x236 ./Drivers/STM32F4xx_HAL_Driver/Src/stm32f4xx_hal_uart.o
 .debug_macro   0x0000000000025d68      0x235 ./Drivers/STM32F4xx_HAL_Driver/Src/stm32f4xx_ll_fsmc.o

.debug_line     0x0000000000000000    0x20e43
 .debug_line    0x0000000000000000      0x9bd ./Core/Src/adc.o
 .debug_line    0x00000000000009bd      0x959 ./Core/Src/button.o
 .debug_line    0x0000000000001316      0x8c9 ./Core/Src/dma.o
 .debug_line    0x0000000000001bdf      0x9ce ./Core/Src/fsmc.o
 .debug_line    0x00000000000025ad      0x94f ./Core/Src/gpio.o
 .debug_line    0x0000000000002efc      0x937 ./Core/Src/i2c.o
 .debug_line    0x0000000000003833     0x117b ./Core/Src/lcd.o
 .debug_line    0x00000000000049ae      0x9c6 ./Core/Src/led_7seg.o
 .debug_line    0x0000000000005374      0xb31 ./Core/Src/light_control.o
 .debug_line    0x0000000000005ea5      0xc3c ./Core/Src/main.o
 .debug_line    0x0000000000006ae1      0x98c ./Core/Src/software_timer.o
 .debug_line    0x000000000000746d      0x93f ./Core/Src/spi.o
 .debug_line    0x0000000000007dac      0x8ce ./Core/Src/stm32f4xx_hal_msp.o
 .debug_line    0x000000000000867a      0xa08 ./Core/Src/stm32f4xx_it.o
 .debug_line    0x0000000000009082      0x94f ./Core/Src/system_stm32f4xx.o
 .debug_line    0x00000000000099d1      0xa4e ./Core/Src/tim.o
 .debug_line    0x000000000000a41f      0xecb ./Core/Src/uart.o
 .debug_line    0x000000000000b2ea      0xa13 ./Core/Src/usart.o
 .debug_line    0x000000000000bcfd       0x7a ./Core/Startup/startup_stm32f407zetx.o
 .debug_line    0x000000000000bd77      0xbb5 ./Drivers/STM32F4xx_HAL_Driver/Src/stm32f4xx_hal.o
 .debug_line    0x000000000000c92c     0x1433 ./Drivers/STM32F4xx_HAL_Driver/Src/stm32f4xx_hal_adc.o
 .debug_line    0x000000000000dd5f      0xe64 ./Drivers/STM32F4xx_HAL_Driver/Src/stm32f4xx_hal_cortex.o
 .debug_line    0x000000000000ebc3     0x111c ./Drivers/STM32F4xx_HAL_Driver/Src/stm32f4xx_hal_dma.o
 .debug_line    0x000000000000fcdf      0xd2b ./Drivers/STM32F4xx_HAL_Driver/Src/stm32f4xx_hal_gpio.o
 .debug_line    0x0000000000010a0a     0x3b6e ./Drivers/STM32F4xx_HAL_Driver/Src/stm32f4xx_hal_i2c.o
 .debug_line    0x0000000000014578      0xf2e ./Drivers/STM32F4xx_HAL_Driver/Src/stm32f4xx_hal_rcc.o
 .debug_line    0x00000000000154a6     0x1e44 ./Drivers/STM32F4xx_HAL_Driver/Src/stm32f4xx_hal_spi.o
 .debug_line    0x00000000000172ea      0xd57 ./Drivers/STM32F4xx_HAL_Driver/Src/stm32f4xx_hal_sram.o
 .debug_line    0x0000000000018041     0x38ad ./Drivers/STM32F4xx_HAL_Driver/Src/stm32f4xx_hal_tim.o
 .debug_line    0x000000000001b8ee     0x1bb2 ./Drivers/STM32F4xx_HAL_Driver/Src/stm32f4xx_hal_tim_ex.o
 .debug_line    0x000000000001d4a0     0x2c39 ./Drivers/STM32F4xx_HAL_Driver/Src/stm32f4xx_hal_uart.o
 .debug_line    0x00000000000200d9      0xd6a ./Drivers/STM32F4xx_HAL_Driver/Src/stm32f4xx_ll_fsmc.o

.debug_str      0x0000000000000000    0xdf353
 .debug_str     0x0000000000000000    0xd5cc2 ./Core/Src/adc.o
                                      0xd5fea (size before relaxing)
 .debug_str     0x00000000000d5cc2      0x28f ./Core/Src/button.o
                                      0xd5edf (size before relaxing)
 .debug_str     0x00000000000d5f51      0x52c ./Core/Src/dma.o
                                      0xd5fa4 (size before relaxing)
 .debug_str     0x00000000000d647d      0x295 ./Core/Src/fsmc.o
                                      0xd60a4 (size before relaxing)
 .debug_str     0x00000000000d6712       0x20 ./Core/Src/gpio.o
                                      0xd5b52 (size before relaxing)
 .debug_str     0x00000000000d6732      0x2bb ./Core/Src/i2c.o
                                      0xd6081 (size before relaxing)
 .debug_str     0x00000000000d69ed     0x36de ./Core/Src/lcd.o
                                      0xd910f (size before relaxing)
 .debug_str     0x00000000000da0cb       0xa9 ./Core/Src/led_7seg.o
                                      0xd5f1c (size before relaxing)
 .debug_str     0x00000000000da174      0x6f2 ./Core/Src/light_control.o
                                      0xd9568 (size before relaxing)
 .debug_str     0x00000000000da866      0x38c ./Core/Src/main.o
                                      0xd9a46 (size before relaxing)
 .debug_str     0x00000000000dabf2      0x329 ./Core/Src/software_timer.o
                                      0xd5ff2 (size before relaxing)
 .debug_str     0x00000000000daf1b       0x4b ./Core/Src/spi.o
                                      0xd5fde (size before relaxing)
 .debug_str     0x00000000000daf66       0x2c ./Core/Src/stm32f4xx_hal_msp.o
                                      0xd5a87 (size before relaxing)
 .debug_str     0x00000000000daf92      0x2e6 ./Core/Src/stm32f4xx_it.o
                                      0xd61fa (size before relaxing)
 .debug_str     0x00000000000db278       0xdb ./Core/Src/system_stm32f4xx.o
                                      0xd57a0 (size before relaxing)
 .debug_str     0x00000000000db353      0x1f6 ./Core/Src/tim.o
                                      0xd67ce (size before relaxing)
 .debug_str     0x00000000000db549      0x200 ./Core/Src/uart.o
                                      0xd9bb4 (size before relaxing)
 .debug_str     0x00000000000db749       0x51 ./Core/Src/usart.o
                                      0xd6551 (size before relaxing)
 .debug_str     0x00000000000db79a       0x34 ./Core/Startup/startup_stm32f407zetx.o
                                         0x52 (size before relaxing)
 .debug_str     0x00000000000db7ce      0x603 ./Drivers/STM32F4xx_HAL_Driver/Src/stm32f4xx_hal.o
                                      0xd6324 (size before relaxing)
 .debug_str     0x00000000000dbdd1      0x2b9 ./Drivers/STM32F4xx_HAL_Driver/Src/stm32f4xx_hal_adc.o
                                      0xd5d7e (size before relaxing)
 .debug_str     0x00000000000dc08a      0x326 ./Drivers/STM32F4xx_HAL_Driver/Src/stm32f4xx_hal_cortex.o
                                      0xd6057 (size before relaxing)
 .debug_str     0x00000000000dc3b0      0x2c7 ./Drivers/STM32F4xx_HAL_Driver/Src/stm32f4xx_hal_dma.o
                                      0xd5bba (size before relaxing)
 .debug_str     0x00000000000dc677      0x109 ./Drivers/STM32F4xx_HAL_Driver/Src/stm32f4xx_hal_gpio.o
                                      0xd591b (size before relaxing)
 .debug_str     0x00000000000dc780      0xabb ./Drivers/STM32F4xx_HAL_Driver/Src/stm32f4xx_hal_i2c.o
                                      0xd676b (size before relaxing)
 .debug_str     0x00000000000dd23b      0x213 ./Drivers/STM32F4xx_HAL_Driver/Src/stm32f4xx_hal_rcc.o
                                      0xd5bd4 (size before relaxing)
 .debug_str     0x00000000000dd44e      0x536 ./Drivers/STM32F4xx_HAL_Driver/Src/stm32f4xx_hal_spi.o
                                      0xd6064 (size before relaxing)
 .debug_str     0x00000000000dd984      0x1a6 ./Drivers/STM32F4xx_HAL_Driver/Src/stm32f4xx_hal_sram.o
                                      0xd5d47 (size before relaxing)
 .debug_str     0x00000000000ddb2a      0xcfc ./Drivers/STM32F4xx_HAL_Driver/Src/stm32f4xx_hal_tim.o
                                      0xd6b1a (size before relaxing)
 .debug_str     0x00000000000de826      0x493 ./Drivers/STM32F4xx_HAL_Driver/Src/stm32f4xx_hal_tim_ex.o
                                      0xd6336 (size before relaxing)
 .debug_str     0x00000000000decb9      0x595 ./Drivers/STM32F4xx_HAL_Driver/Src/stm32f4xx_hal_uart.o
                                      0xd6173 (size before relaxing)
 .debug_str     0x00000000000df24e      0x105 ./Drivers/STM32F4xx_HAL_Driver/Src/stm32f4xx_ll_fsmc.o
                                      0xd5b4f (size before relaxing)

.debug_frame    0x0000000000000000     0x5d00
 .debug_frame   0x0000000000000000       0x7c ./Core/Src/adc.o
 .debug_frame   0x000000000000007c       0x50 ./Core/Src/button.o
 .debug_frame   0x00000000000000cc       0x34 ./Core/Src/dma.o
 .debug_frame   0x0000000000000100       0xbc ./Core/Src/fsmc.o
 .debug_frame   0x00000000000001bc       0x38 ./Core/Src/gpio.o
 .debug_frame   0x00000000000001f4       0x74 ./Core/Src/i2c.o
 .debug_frame   0x0000000000000268      0x394 ./Core/Src/lcd.o
 .debug_frame   0x00000000000005fc       0xe8 ./Core/Src/led_7seg.o
 .debug_frame   0x00000000000006e4       0x50 ./Core/Src/light_control.o
 .debug_frame   0x0000000000000734       0xa4 ./Core/Src/main.o
 .debug_frame   0x00000000000007d8       0xbc ./Core/Src/software_timer.o
 .debug_frame   0x0000000000000894       0x74 ./Core/Src/spi.o
 .debug_frame   0x0000000000000908       0x38 ./Core/Src/stm32f4xx_hal_msp.o
 .debug_frame   0x0000000000000940      0x190 ./Core/Src/stm32f4xx_it.o
 .debug_frame   0x0000000000000ad0       0x58 ./Core/Src/system_stm32f4xx.o
 .debug_frame   0x0000000000000b28       0xe8 ./Core/Src/tim.o
 .debug_frame   0x0000000000000c10      0x2dc ./Core/Src/uart.o
 .debug_frame   0x0000000000000eec       0xac ./Core/Src/usart.o
 .debug_frame   0x0000000000000f98      0x374 ./Drivers/STM32F4xx_HAL_Driver/Src/stm32f4xx_hal.o
 .debug_frame   0x000000000000130c      0x3fc ./Drivers/STM32F4xx_HAL_Driver/Src/stm32f4xx_hal_adc.o
 .debug_frame   0x0000000000001708      0x498 ./Drivers/STM32F4xx_HAL_Driver/Src/stm32f4xx_hal_cortex.o
 .debug_frame   0x0000000000001ba0      0x250 ./Drivers/STM32F4xx_HAL_Driver/Src/stm32f4xx_hal_dma.o
 .debug_frame   0x0000000000001df0      0x14c ./Drivers/STM32F4xx_HAL_Driver/Src/stm32f4xx_hal_gpio.o
 .debug_frame   0x0000000000001f3c      0xc5c ./Drivers/STM32F4xx_HAL_Driver/Src/stm32f4xx_hal_i2c.o
 .debug_frame   0x0000000000002b98      0x1f4 ./Drivers/STM32F4xx_HAL_Driver/Src/stm32f4xx_hal_rcc.o
 .debug_frame   0x0000000000002d8c      0x824 ./Drivers/STM32F4xx_HAL_Driver/Src/stm32f4xx_hal_spi.o
 .debug_frame   0x00000000000035b0      0x2a0 ./Drivers/STM32F4xx_HAL_Driver/Src/stm32f4xx_hal_sram.o
 .debug_frame   0x0000000000003850     0x11c4 ./Drivers/STM32F4xx_HAL_Driver/Src/stm32f4xx_hal_tim.o
 .debug_frame   0x0000000000004a14      0x638 ./Drivers/STM32F4xx_HAL_Driver/Src/stm32f4xx_hal_tim_ex.o
 .debug_frame   0x000000000000504c      0x92c ./Drivers/STM32F4xx_HAL_Driver/Src/stm32f4xx_hal_uart.o
 .debug_frame   0x0000000000005978      0x2dc ./Drivers/STM32F4xx_HAL_Driver/Src/stm32f4xx_ll_fsmc.o
 .debug_frame   0x0000000000005c54       0x20 E:/software/stm3214/STM32CubeIDE_1.14.1/STM32CubeIDE/plugins/com.st.stm32cube.ide.mcu.externaltools.gnu-tools-for-stm32.11.3.rel1.win32_1.1.100.202309141235/tools/bin/../lib/gcc/arm-none-eabi/11.3.1/../../../../arm-none-eabi/lib/thumb/v7e-m+fp/hard\libc_nano.a(libc_a-memset.o)
 .debug_frame   0x0000000000005c74       0x2c E:/software/stm3214/STM32CubeIDE_1.14.1/STM32CubeIDE/plugins/com.st.stm32cube.ide.mcu.externaltools.gnu-tools-for-stm32.11.3.rel1.win32_1.1.100.202309141235/tools/bin/../lib/gcc/arm-none-eabi/11.3.1/../../../../arm-none-eabi/lib/thumb/v7e-m+fp/hard\libc_nano.a(libc_a-init.o)
 .debug_frame   0x0000000000005ca0       0x2c E:/software/stm3214/STM32CubeIDE_1.14.1/STM32CubeIDE/plugins/com.st.stm32cube.ide.mcu.externaltools.gnu-tools-for-stm32.11.3.rel1.win32_1.1.100.202309141235/tools/bin/../lib/gcc/arm-none-eabi/11.3.1/thumb/v7e-m+fp/hard\libgcc.a(_aeabi_uldivmod.o)