../Core/Src/uart.c:18:6:uart_init_rs232	8	static
../Core/Src/uart.c:22:6:uart_Rs232SendString	16	static
../Core/Src/uart.c:26:6:uart_Rs232SendBytes	16	static
../Core/Src/uart.c:30:6:uart_Rs232SendNum	24	static
../Core/Src/uart.c:55:6:uart_Rs232SendNumPercent	16	static
../Core/Src/uart.c:64:6:uart_init_rs485	8	static
../Core/Src/uart.c:69:6:uart_init_esp	8	static
../Core/Src/uart.c:74:6:uart_EspSendBytes	16	static
../Core/Src/uart.c:81:6:checkByte2	16	static
../Core/Src/uart.c:90:6:checkByte7	16	static
../Core/Src/uart.c:99:6:statusButton1	24	static
../Core/Src/uart.c:110:6:statusButton2	24	static
../Core/Src/uart.c:121:6:statusDevice1	24	static
../Core/Src/uart.c:132:6:statusDevice2	24	static
../Core/Src/uart.c:143:6:statusMotion	16	static
../Core/Src/uart.c:149:6:checkButton1	8	static
../Core/Src/uart.c:158:6:checkButton2	8	static
../Core/Src/uart.c:167:6:checkDevice1	8	static
../Core/Src/uart.c:176:6:checkDevice2	8	static
../Core/Src/uart.c:185:6:HAL_UART_RxCpltCallback	16	static
../Core/Src/uart.c:225:9:uart_EspCheck	4	static
